ARM GAS  C:\Users\zack.li\AppData\Local\Temp\cc97KEZj.s 			page 1


   1              		.syntax unified
   2              		.cpu cortex-m0plus
   3              		.fpu softvfp
   4              		.eabi_attribute 20, 1
   5              		.eabi_attribute 21, 1
   6              		.eabi_attribute 23, 3
   7              		.eabi_attribute 24, 1
   8              		.eabi_attribute 25, 1
   9              		.eabi_attribute 26, 1
  10              		.eabi_attribute 30, 4
  11              		.eabi_attribute 34, 0
  12              		.eabi_attribute 18, 4
  13              		.thumb
  14              		.syntax unified
  15              		.file	"cyfitter_cfg.c"
  16              		.text
  17              	.Ltext0:
  18              		.cfi_sections	.debug_frame
  19              		.section	.text.SetAnalogRoutingPumps,"ax",%progbits
  20              		.align	1
  21              		.global	SetAnalogRoutingPumps
  22              		.code	16
  23              		.thumb_func
  24              		.type	SetAnalogRoutingPumps, %function
  25              	SetAnalogRoutingPumps:
  26              	.LFB6:
  27              		.file 1 "Generated_Source\\PSoC4\\cyfitter_cfg.c"
   1:Generated_Source\PSoC4/cyfitter_cfg.c **** 
   2:Generated_Source\PSoC4/cyfitter_cfg.c **** /*******************************************************************************
   3:Generated_Source\PSoC4/cyfitter_cfg.c **** * File Name: cyfitter_cfg.c
   4:Generated_Source\PSoC4/cyfitter_cfg.c **** * 
   5:Generated_Source\PSoC4/cyfitter_cfg.c **** * PSoC Creator  4.2
   6:Generated_Source\PSoC4/cyfitter_cfg.c **** *
   7:Generated_Source\PSoC4/cyfitter_cfg.c **** * Description:
   8:Generated_Source\PSoC4/cyfitter_cfg.c **** * This file contains device initialization code.
   9:Generated_Source\PSoC4/cyfitter_cfg.c **** * Except for the user defined sections in CyClockStartupError(), this file should not be modified.
  10:Generated_Source\PSoC4/cyfitter_cfg.c **** * This file is automatically generated by PSoC Creator.
  11:Generated_Source\PSoC4/cyfitter_cfg.c **** *
  12:Generated_Source\PSoC4/cyfitter_cfg.c **** ********************************************************************************
  13:Generated_Source\PSoC4/cyfitter_cfg.c **** * Copyright (c) 2007-2018 Cypress Semiconductor.  All rights reserved.
  14:Generated_Source\PSoC4/cyfitter_cfg.c **** * You may use this file only in accordance with the license, terms, conditions, 
  15:Generated_Source\PSoC4/cyfitter_cfg.c **** * disclaimers, and limitations in the end user license agreement accompanying 
  16:Generated_Source\PSoC4/cyfitter_cfg.c **** * the software package with which this file was provided.
  17:Generated_Source\PSoC4/cyfitter_cfg.c **** ********************************************************************************/
  18:Generated_Source\PSoC4/cyfitter_cfg.c **** 
  19:Generated_Source\PSoC4/cyfitter_cfg.c **** #include <string.h>
  20:Generated_Source\PSoC4/cyfitter_cfg.c **** #include "cytypes.h"
  21:Generated_Source\PSoC4/cyfitter_cfg.c **** #include "cydevice_trm.h"
  22:Generated_Source\PSoC4/cyfitter_cfg.c **** #include "cyfitter.h"
  23:Generated_Source\PSoC4/cyfitter_cfg.c **** #include "CyLib.h"
  24:Generated_Source\PSoC4/cyfitter_cfg.c **** #include "cyfitter_cfg.h"
  25:Generated_Source\PSoC4/cyfitter_cfg.c **** #include "cyapicallbacks.h"
  26:Generated_Source\PSoC4/cyfitter_cfg.c **** 
  27:Generated_Source\PSoC4/cyfitter_cfg.c **** 
  28:Generated_Source\PSoC4/cyfitter_cfg.c **** #if defined(__GNUC__) || defined(__ARMCC_VERSION)
  29:Generated_Source\PSoC4/cyfitter_cfg.c ****     #define CYPACKED 
  30:Generated_Source\PSoC4/cyfitter_cfg.c ****     #define CYPACKED_ATTR __attribute__ ((packed))
ARM GAS  C:\Users\zack.li\AppData\Local\Temp\cc97KEZj.s 			page 2


  31:Generated_Source\PSoC4/cyfitter_cfg.c ****     #define CYALIGNED __attribute__ ((aligned))
  32:Generated_Source\PSoC4/cyfitter_cfg.c ****     #define CY_CFG_UNUSED __attribute__ ((unused))
  33:Generated_Source\PSoC4/cyfitter_cfg.c ****     #ifndef CY_CFG_SECTION
  34:Generated_Source\PSoC4/cyfitter_cfg.c ****         #define CY_CFG_SECTION __attribute__ ((section(".psocinit")))
  35:Generated_Source\PSoC4/cyfitter_cfg.c ****     #endif
  36:Generated_Source\PSoC4/cyfitter_cfg.c ****     
  37:Generated_Source\PSoC4/cyfitter_cfg.c ****     #if defined(__ARMCC_VERSION)
  38:Generated_Source\PSoC4/cyfitter_cfg.c ****         #define CY_CFG_MEMORY_BARRIER() __memory_changed()
  39:Generated_Source\PSoC4/cyfitter_cfg.c ****     #else
  40:Generated_Source\PSoC4/cyfitter_cfg.c ****         #define CY_CFG_MEMORY_BARRIER() __sync_synchronize()
  41:Generated_Source\PSoC4/cyfitter_cfg.c ****     #endif
  42:Generated_Source\PSoC4/cyfitter_cfg.c ****     
  43:Generated_Source\PSoC4/cyfitter_cfg.c **** #elif defined(__ICCARM__)
  44:Generated_Source\PSoC4/cyfitter_cfg.c ****     #include <intrinsics.h>
  45:Generated_Source\PSoC4/cyfitter_cfg.c **** 
  46:Generated_Source\PSoC4/cyfitter_cfg.c ****     #define CYPACKED __packed
  47:Generated_Source\PSoC4/cyfitter_cfg.c ****     #define CYPACKED_ATTR 
  48:Generated_Source\PSoC4/cyfitter_cfg.c ****     #define CYALIGNED _Pragma("data_alignment=4")
  49:Generated_Source\PSoC4/cyfitter_cfg.c ****     #define CY_CFG_UNUSED _Pragma("diag_suppress=Pe177")
  50:Generated_Source\PSoC4/cyfitter_cfg.c ****     #define CY_CFG_SECTION _Pragma("location=\".psocinit\"")
  51:Generated_Source\PSoC4/cyfitter_cfg.c ****     
  52:Generated_Source\PSoC4/cyfitter_cfg.c ****     #define CY_CFG_MEMORY_BARRIER() __DMB()
  53:Generated_Source\PSoC4/cyfitter_cfg.c ****     
  54:Generated_Source\PSoC4/cyfitter_cfg.c **** #else
  55:Generated_Source\PSoC4/cyfitter_cfg.c ****     #error Unsupported toolchain
  56:Generated_Source\PSoC4/cyfitter_cfg.c **** #endif
  57:Generated_Source\PSoC4/cyfitter_cfg.c **** 
  58:Generated_Source\PSoC4/cyfitter_cfg.c **** #ifndef CYCODE
  59:Generated_Source\PSoC4/cyfitter_cfg.c ****     #define CYCODE
  60:Generated_Source\PSoC4/cyfitter_cfg.c **** #endif
  61:Generated_Source\PSoC4/cyfitter_cfg.c **** #ifndef CYDATA
  62:Generated_Source\PSoC4/cyfitter_cfg.c ****     #define CYDATA
  63:Generated_Source\PSoC4/cyfitter_cfg.c **** #endif
  64:Generated_Source\PSoC4/cyfitter_cfg.c **** #ifndef CYFAR
  65:Generated_Source\PSoC4/cyfitter_cfg.c ****     #define CYFAR
  66:Generated_Source\PSoC4/cyfitter_cfg.c **** #endif
  67:Generated_Source\PSoC4/cyfitter_cfg.c **** #ifndef CYXDATA
  68:Generated_Source\PSoC4/cyfitter_cfg.c ****     #define CYXDATA
  69:Generated_Source\PSoC4/cyfitter_cfg.c **** #endif
  70:Generated_Source\PSoC4/cyfitter_cfg.c **** 
  71:Generated_Source\PSoC4/cyfitter_cfg.c **** 
  72:Generated_Source\PSoC4/cyfitter_cfg.c **** CY_CFG_UNUSED
  73:Generated_Source\PSoC4/cyfitter_cfg.c **** static void CYMEMZERO(void *s, size_t n);
  74:Generated_Source\PSoC4/cyfitter_cfg.c **** CY_CFG_UNUSED
  75:Generated_Source\PSoC4/cyfitter_cfg.c **** static void CYMEMZERO(void *s, size_t n)
  76:Generated_Source\PSoC4/cyfitter_cfg.c **** {
  77:Generated_Source\PSoC4/cyfitter_cfg.c **** 	(void)memset(s, 0, n);
  78:Generated_Source\PSoC4/cyfitter_cfg.c **** }
  79:Generated_Source\PSoC4/cyfitter_cfg.c **** CY_CFG_UNUSED
  80:Generated_Source\PSoC4/cyfitter_cfg.c **** static void CYCONFIGCPY(void *dest, const void *src, size_t n);
  81:Generated_Source\PSoC4/cyfitter_cfg.c **** CY_CFG_UNUSED
  82:Generated_Source\PSoC4/cyfitter_cfg.c **** static void CYCONFIGCPY(void *dest, const void *src, size_t n)
  83:Generated_Source\PSoC4/cyfitter_cfg.c **** {
  84:Generated_Source\PSoC4/cyfitter_cfg.c **** 	(void)memcpy(dest, src, n);
  85:Generated_Source\PSoC4/cyfitter_cfg.c **** }
  86:Generated_Source\PSoC4/cyfitter_cfg.c **** CY_CFG_UNUSED
  87:Generated_Source\PSoC4/cyfitter_cfg.c **** static void CYCONFIGCPYCODE(void *dest, const void *src, size_t n);
ARM GAS  C:\Users\zack.li\AppData\Local\Temp\cc97KEZj.s 			page 3


  88:Generated_Source\PSoC4/cyfitter_cfg.c **** CY_CFG_UNUSED
  89:Generated_Source\PSoC4/cyfitter_cfg.c **** static void CYCONFIGCPYCODE(void *dest, const void *src, size_t n)
  90:Generated_Source\PSoC4/cyfitter_cfg.c **** {
  91:Generated_Source\PSoC4/cyfitter_cfg.c **** 	(void)memcpy(dest, src, n);
  92:Generated_Source\PSoC4/cyfitter_cfg.c **** }
  93:Generated_Source\PSoC4/cyfitter_cfg.c **** 
  94:Generated_Source\PSoC4/cyfitter_cfg.c **** 
  95:Generated_Source\PSoC4/cyfitter_cfg.c **** 
  96:Generated_Source\PSoC4/cyfitter_cfg.c **** 
  97:Generated_Source\PSoC4/cyfitter_cfg.c **** /* Clock startup error codes                                                   */
  98:Generated_Source\PSoC4/cyfitter_cfg.c **** #define CYCLOCKSTART_NO_ERROR    0u
  99:Generated_Source\PSoC4/cyfitter_cfg.c **** #define CYCLOCKSTART_XTAL_ERROR  1u
 100:Generated_Source\PSoC4/cyfitter_cfg.c **** #define CYCLOCKSTART_32KHZ_ERROR 2u
 101:Generated_Source\PSoC4/cyfitter_cfg.c **** #define CYCLOCKSTART_PLL_ERROR   3u
 102:Generated_Source\PSoC4/cyfitter_cfg.c **** #define CYCLOCKSTART_FLL_ERROR   4u
 103:Generated_Source\PSoC4/cyfitter_cfg.c **** #define CYCLOCKSTART_WCO_ERROR   5u
 104:Generated_Source\PSoC4/cyfitter_cfg.c **** 
 105:Generated_Source\PSoC4/cyfitter_cfg.c **** 
 106:Generated_Source\PSoC4/cyfitter_cfg.c **** #ifdef CY_NEED_CYCLOCKSTARTUPERROR
 107:Generated_Source\PSoC4/cyfitter_cfg.c **** /*******************************************************************************
 108:Generated_Source\PSoC4/cyfitter_cfg.c **** * Function Name: CyClockStartupError
 109:Generated_Source\PSoC4/cyfitter_cfg.c **** ********************************************************************************
 110:Generated_Source\PSoC4/cyfitter_cfg.c **** * Summary:
 111:Generated_Source\PSoC4/cyfitter_cfg.c **** *  If an error is encountered during clock configuration (crystal startup error,
 112:Generated_Source\PSoC4/cyfitter_cfg.c **** *  PLL lock error, etc.), the system will end up here.  Unless reimplemented by
 113:Generated_Source\PSoC4/cyfitter_cfg.c **** *  the customer, this function will stop in an infinite loop.
 114:Generated_Source\PSoC4/cyfitter_cfg.c **** *
 115:Generated_Source\PSoC4/cyfitter_cfg.c **** * Parameters:
 116:Generated_Source\PSoC4/cyfitter_cfg.c **** *   void
 117:Generated_Source\PSoC4/cyfitter_cfg.c **** *
 118:Generated_Source\PSoC4/cyfitter_cfg.c **** * Return:
 119:Generated_Source\PSoC4/cyfitter_cfg.c **** *   void
 120:Generated_Source\PSoC4/cyfitter_cfg.c **** *
 121:Generated_Source\PSoC4/cyfitter_cfg.c **** *******************************************************************************/
 122:Generated_Source\PSoC4/cyfitter_cfg.c **** CY_CFG_UNUSED
 123:Generated_Source\PSoC4/cyfitter_cfg.c **** static void CyClockStartupError(uint8 errorCode);
 124:Generated_Source\PSoC4/cyfitter_cfg.c **** CY_CFG_UNUSED
 125:Generated_Source\PSoC4/cyfitter_cfg.c **** static void CyClockStartupError(uint8 errorCode)
 126:Generated_Source\PSoC4/cyfitter_cfg.c **** {
 127:Generated_Source\PSoC4/cyfitter_cfg.c ****     /* To remove the compiler warning if errorCode not used.                */
 128:Generated_Source\PSoC4/cyfitter_cfg.c ****     errorCode = errorCode;
 129:Generated_Source\PSoC4/cyfitter_cfg.c **** 
 130:Generated_Source\PSoC4/cyfitter_cfg.c ****     /* If we have a clock startup error (bad MHz crystal, PLL lock, etc.),  */
 131:Generated_Source\PSoC4/cyfitter_cfg.c ****     /* we will end up here to allow the customer to implement something to  */
 132:Generated_Source\PSoC4/cyfitter_cfg.c ****     /* deal with the clock condition.                                       */
 133:Generated_Source\PSoC4/cyfitter_cfg.c **** 
 134:Generated_Source\PSoC4/cyfitter_cfg.c **** #ifdef CY_CFG_CLOCK_STARTUP_ERROR_CALLBACK
 135:Generated_Source\PSoC4/cyfitter_cfg.c ****     CY_CFG_Clock_Startup_ErrorCallback();
 136:Generated_Source\PSoC4/cyfitter_cfg.c **** #else
 137:Generated_Source\PSoC4/cyfitter_cfg.c ****     /*  If not using CY_CFG_CLOCK_STARTUP_ERROR_CALLBACK, place your clock startup code here. */
 138:Generated_Source\PSoC4/cyfitter_cfg.c ****     /* `#START CyClockStartupError` */
 139:Generated_Source\PSoC4/cyfitter_cfg.c **** 
 140:Generated_Source\PSoC4/cyfitter_cfg.c **** 
 141:Generated_Source\PSoC4/cyfitter_cfg.c **** 
 142:Generated_Source\PSoC4/cyfitter_cfg.c ****     /* `#END` */
 143:Generated_Source\PSoC4/cyfitter_cfg.c **** 
 144:Generated_Source\PSoC4/cyfitter_cfg.c ****     while(1) {}
ARM GAS  C:\Users\zack.li\AppData\Local\Temp\cc97KEZj.s 			page 4


 145:Generated_Source\PSoC4/cyfitter_cfg.c **** #endif /* CY_CFG_CLOCK_STARTUP_ERROR_CALLBACK */
 146:Generated_Source\PSoC4/cyfitter_cfg.c **** }
 147:Generated_Source\PSoC4/cyfitter_cfg.c **** #endif
 148:Generated_Source\PSoC4/cyfitter_cfg.c **** 
 149:Generated_Source\PSoC4/cyfitter_cfg.c **** 
 150:Generated_Source\PSoC4/cyfitter_cfg.c **** 
 151:Generated_Source\PSoC4/cyfitter_cfg.c **** /*******************************************************************************
 152:Generated_Source\PSoC4/cyfitter_cfg.c **** * Function Name: ClockSetup
 153:Generated_Source\PSoC4/cyfitter_cfg.c **** ********************************************************************************
 154:Generated_Source\PSoC4/cyfitter_cfg.c **** *
 155:Generated_Source\PSoC4/cyfitter_cfg.c **** * Summary:
 156:Generated_Source\PSoC4/cyfitter_cfg.c **** *   Performs the initialization of all of the clocks in the device based on the
 157:Generated_Source\PSoC4/cyfitter_cfg.c **** *   settings in the Clock tab of the DWR.  This includes enabling the requested
 158:Generated_Source\PSoC4/cyfitter_cfg.c **** *   clocks and setting the necessary dividers to produce the desired frequency. 
 159:Generated_Source\PSoC4/cyfitter_cfg.c **** *
 160:Generated_Source\PSoC4/cyfitter_cfg.c **** * Parameters:
 161:Generated_Source\PSoC4/cyfitter_cfg.c **** *   void
 162:Generated_Source\PSoC4/cyfitter_cfg.c **** *
 163:Generated_Source\PSoC4/cyfitter_cfg.c **** * Return:
 164:Generated_Source\PSoC4/cyfitter_cfg.c **** *   void
 165:Generated_Source\PSoC4/cyfitter_cfg.c **** *
 166:Generated_Source\PSoC4/cyfitter_cfg.c **** *******************************************************************************/
 167:Generated_Source\PSoC4/cyfitter_cfg.c **** static void ClockSetup(void);
 168:Generated_Source\PSoC4/cyfitter_cfg.c **** CY_CFG_SECTION
 169:Generated_Source\PSoC4/cyfitter_cfg.c **** static void ClockSetup(void)
 170:Generated_Source\PSoC4/cyfitter_cfg.c **** {
 171:Generated_Source\PSoC4/cyfitter_cfg.c **** 
 172:Generated_Source\PSoC4/cyfitter_cfg.c **** 	/* Set Flash Cycles based on max possible frequency in case a glitch occurs during ClockSetup(). *
 173:Generated_Source\PSoC4/cyfitter_cfg.c **** 	CY_SET_REG32((void CYXDATA *)(CYREG_CPUSS_FLASH_CTL), (0x0012u));
 174:Generated_Source\PSoC4/cyfitter_cfg.c **** 	/* Update IMO to new clock speed. */
 175:Generated_Source\PSoC4/cyfitter_cfg.c **** 	CySysClkWriteImoFreq(24u);
 176:Generated_Source\PSoC4/cyfitter_cfg.c **** 
 177:Generated_Source\PSoC4/cyfitter_cfg.c **** 	/* Setup phase aligned clocks */
 178:Generated_Source\PSoC4/cyfitter_cfg.c **** 	CY_SET_REG32((void *)CYREG_PERI_DIV_16_CTL3, 0x005DBF00u);
 179:Generated_Source\PSoC4/cyfitter_cfg.c **** 	CY_SET_REG32((void *)CYREG_PERI_DIV_CMD, 0x8000FF43u);
 180:Generated_Source\PSoC4/cyfitter_cfg.c **** 	CY_SET_REG32((void *)CYREG_PERI_DIV_16_CTL0, 0x0000FE00u);
 181:Generated_Source\PSoC4/cyfitter_cfg.c **** 	CY_SET_REG32((void *)CYREG_PERI_DIV_CMD, 0x8000FF40u);
 182:Generated_Source\PSoC4/cyfitter_cfg.c **** 	CY_SET_REG32((void *)CYREG_PERI_DIV_16_CTL2, 0x00001000u);
 183:Generated_Source\PSoC4/cyfitter_cfg.c **** 	CY_SET_REG32((void *)CYREG_PERI_DIV_CMD, 0x8000FF42u);
 184:Generated_Source\PSoC4/cyfitter_cfg.c **** 	CY_SET_REG32((void *)CYREG_PERI_DIV_16_CTL1, 0x00000E00u);
 185:Generated_Source\PSoC4/cyfitter_cfg.c **** 	CY_SET_REG32((void *)CYREG_PERI_DIV_CMD, 0x8000FF41u);
 186:Generated_Source\PSoC4/cyfitter_cfg.c **** 
 187:Generated_Source\PSoC4/cyfitter_cfg.c **** 	/* CYDEV_CLK_SELECT Starting address: CYDEV_CLK_SELECT */
 188:Generated_Source\PSoC4/cyfitter_cfg.c **** 	CY_SET_REG32((void *)(CYREG_CLK_SELECT), 0x00000000u);
 189:Generated_Source\PSoC4/cyfitter_cfg.c **** 
 190:Generated_Source\PSoC4/cyfitter_cfg.c **** 	/* CYDEV_PERI_PCLK_CTL3 Starting address: CYDEV_PERI_PCLK_CTL3 */
 191:Generated_Source\PSoC4/cyfitter_cfg.c **** 	CY_SET_REG32((void *)(CYREG_PERI_PCLK_CTL3), 0x00000043u);
 192:Generated_Source\PSoC4/cyfitter_cfg.c **** 
 193:Generated_Source\PSoC4/cyfitter_cfg.c **** 	/* CYDEV_PERI_PCLK_CTL2 Starting address: CYDEV_PERI_PCLK_CTL2 */
 194:Generated_Source\PSoC4/cyfitter_cfg.c **** 	CY_SET_REG32((void *)(CYREG_PERI_PCLK_CTL2), 0x00000040u);
 195:Generated_Source\PSoC4/cyfitter_cfg.c **** 
 196:Generated_Source\PSoC4/cyfitter_cfg.c **** 	/* CYDEV_PERI_PCLK_CTL1 Starting address: CYDEV_PERI_PCLK_CTL1 */
 197:Generated_Source\PSoC4/cyfitter_cfg.c **** 	CY_SET_REG32((void *)(CYREG_PERI_PCLK_CTL1), 0x00000042u);
 198:Generated_Source\PSoC4/cyfitter_cfg.c **** 
 199:Generated_Source\PSoC4/cyfitter_cfg.c **** 	/* CYDEV_PERI_PCLK_CTL0 Starting address: CYDEV_PERI_PCLK_CTL0 */
 200:Generated_Source\PSoC4/cyfitter_cfg.c **** 	CY_SET_REG32((void *)(CYREG_PERI_PCLK_CTL0), 0x00000041u);
 201:Generated_Source\PSoC4/cyfitter_cfg.c **** 
ARM GAS  C:\Users\zack.li\AppData\Local\Temp\cc97KEZj.s 			page 5


 202:Generated_Source\PSoC4/cyfitter_cfg.c **** 	/* Set Flash Cycles based on newly configured 24.00MHz HFCLK. */
 203:Generated_Source\PSoC4/cyfitter_cfg.c **** 	CY_SET_REG32((void CYXDATA *)(CYREG_CPUSS_FLASH_CTL), (0x0011u));
 204:Generated_Source\PSoC4/cyfitter_cfg.c **** }
 205:Generated_Source\PSoC4/cyfitter_cfg.c **** 
 206:Generated_Source\PSoC4/cyfitter_cfg.c **** 
 207:Generated_Source\PSoC4/cyfitter_cfg.c **** /* Analog API Functions */
 208:Generated_Source\PSoC4/cyfitter_cfg.c **** 
 209:Generated_Source\PSoC4/cyfitter_cfg.c **** 
 210:Generated_Source\PSoC4/cyfitter_cfg.c **** /*******************************************************************************
 211:Generated_Source\PSoC4/cyfitter_cfg.c **** * Function Name: AnalogSetDefault
 212:Generated_Source\PSoC4/cyfitter_cfg.c **** ********************************************************************************
 213:Generated_Source\PSoC4/cyfitter_cfg.c **** *
 214:Generated_Source\PSoC4/cyfitter_cfg.c **** * Summary:
 215:Generated_Source\PSoC4/cyfitter_cfg.c **** *  Sets up the analog portions of the chip to default values based on chip
 216:Generated_Source\PSoC4/cyfitter_cfg.c **** *  configuration options from the project.
 217:Generated_Source\PSoC4/cyfitter_cfg.c **** *
 218:Generated_Source\PSoC4/cyfitter_cfg.c **** * Parameters:
 219:Generated_Source\PSoC4/cyfitter_cfg.c **** *  void
 220:Generated_Source\PSoC4/cyfitter_cfg.c **** *
 221:Generated_Source\PSoC4/cyfitter_cfg.c **** * Return:
 222:Generated_Source\PSoC4/cyfitter_cfg.c **** *  void
 223:Generated_Source\PSoC4/cyfitter_cfg.c **** *
 224:Generated_Source\PSoC4/cyfitter_cfg.c **** *******************************************************************************/
 225:Generated_Source\PSoC4/cyfitter_cfg.c **** static void AnalogSetDefault(void);
 226:Generated_Source\PSoC4/cyfitter_cfg.c **** static void AnalogSetDefault(void)
 227:Generated_Source\PSoC4/cyfitter_cfg.c **** {
 228:Generated_Source\PSoC4/cyfitter_cfg.c **** 	SetAnalogRoutingPumps(1);
 229:Generated_Source\PSoC4/cyfitter_cfg.c **** }
 230:Generated_Source\PSoC4/cyfitter_cfg.c **** 
 231:Generated_Source\PSoC4/cyfitter_cfg.c **** 
 232:Generated_Source\PSoC4/cyfitter_cfg.c **** /*******************************************************************************
 233:Generated_Source\PSoC4/cyfitter_cfg.c **** * Function Name: SetAnalogRoutingPumps
 234:Generated_Source\PSoC4/cyfitter_cfg.c **** ********************************************************************************
 235:Generated_Source\PSoC4/cyfitter_cfg.c **** *
 236:Generated_Source\PSoC4/cyfitter_cfg.c **** * Summary:
 237:Generated_Source\PSoC4/cyfitter_cfg.c **** * Enables or disables the analog pumps feeding analog routing switches.
 238:Generated_Source\PSoC4/cyfitter_cfg.c **** * Intended to be called at startup, based on the Vdda system configuration;
 239:Generated_Source\PSoC4/cyfitter_cfg.c **** * may be called during operation when the user informs us that the Vdda voltage crossed the pump th
 240:Generated_Source\PSoC4/cyfitter_cfg.c **** *
 241:Generated_Source\PSoC4/cyfitter_cfg.c **** * Parameters:
 242:Generated_Source\PSoC4/cyfitter_cfg.c **** *  enabled - 1 to enable the pumps, 0 to disable the pumps
 243:Generated_Source\PSoC4/cyfitter_cfg.c **** *
 244:Generated_Source\PSoC4/cyfitter_cfg.c **** * Return:
 245:Generated_Source\PSoC4/cyfitter_cfg.c **** *  void
 246:Generated_Source\PSoC4/cyfitter_cfg.c **** *
 247:Generated_Source\PSoC4/cyfitter_cfg.c **** *******************************************************************************/
 248:Generated_Source\PSoC4/cyfitter_cfg.c **** void SetAnalogRoutingPumps(uint8 enabled)
 249:Generated_Source\PSoC4/cyfitter_cfg.c **** {
  28              		.loc 1 249 0
  29              		.cfi_startproc
  30              		@ args = 0, pretend = 0, frame = 0
  31              		@ frame_needed = 0, uses_anonymous_args = 0
  32              	.LVL0:
 250:Generated_Source\PSoC4/cyfitter_cfg.c **** 	uint32 regValue = CY_GET_XTND_REG32((void *)(CYREG_HSIOM_PUMP_CTL));
  33              		.loc 1 250 0
  34 0000 0B4A     		ldr	r2, .L8
 249:Generated_Source\PSoC4/cyfitter_cfg.c **** 	uint32 regValue = CY_GET_XTND_REG32((void *)(CYREG_HSIOM_PUMP_CTL));
ARM GAS  C:\Users\zack.li\AppData\Local\Temp\cc97KEZj.s 			page 6


  35              		.loc 1 249 0
  36 0002 10B5     		push	{r4, lr}
  37              		.cfi_def_cfa_offset 8
  38              		.cfi_offset 4, -8
  39              		.cfi_offset 14, -4
  40              		.loc 1 250 0
  41 0004 1368     		ldr	r3, [r2]
  42              	.LVL1:
 251:Generated_Source\PSoC4/cyfitter_cfg.c **** 	if (enabled != 0u)
  43              		.loc 1 251 0
  44 0006 0028     		cmp	r0, #0
  45 0008 03D0     		beq	.L2
 252:Generated_Source\PSoC4/cyfitter_cfg.c **** 	{
 253:Generated_Source\PSoC4/cyfitter_cfg.c **** 		regValue |= 0x80000000u;
  46              		.loc 1 253 0
  47 000a 8021     		movs	r1, #128
  48 000c 0906     		lsls	r1, r1, #24
  49 000e 0B43     		orrs	r3, r1
  50              	.LVL2:
  51 0010 01E0     		b	.L3
  52              	.L2:
 254:Generated_Source\PSoC4/cyfitter_cfg.c **** 	}
 255:Generated_Source\PSoC4/cyfitter_cfg.c **** 	else
 256:Generated_Source\PSoC4/cyfitter_cfg.c **** 	{
 257:Generated_Source\PSoC4/cyfitter_cfg.c **** 		regValue &= ~0x80000000u;
  53              		.loc 1 257 0
  54 0012 5B00     		lsls	r3, r3, #1
  55              	.LVL3:
  56 0014 5B08     		lsrs	r3, r3, #1
  57              	.LVL4:
  58              	.L3:
 258:Generated_Source\PSoC4/cyfitter_cfg.c **** 	}
 259:Generated_Source\PSoC4/cyfitter_cfg.c **** 	CY_SET_XTND_REG32((void *)(CYREG_HSIOM_PUMP_CTL), regValue);
  59              		.loc 1 259 0
  60 0016 1360     		str	r3, [r2]
 260:Generated_Source\PSoC4/cyfitter_cfg.c **** 	regValue = CY_GET_XTND_REG32((void *)(CYREG_CLK_SELECT));
  61              		.loc 1 260 0
  62 0018 064B     		ldr	r3, .L8+4
  63              	.LVL5:
  64 001a 2024     		movs	r4, #32
  65 001c 1968     		ldr	r1, [r3]
  66              	.LVL6:
 261:Generated_Source\PSoC4/cyfitter_cfg.c **** 	if (enabled != 0u)
 262:Generated_Source\PSoC4/cyfitter_cfg.c **** 	{
 263:Generated_Source\PSoC4/cyfitter_cfg.c **** 		regValue |= 0x00000020u;
 264:Generated_Source\PSoC4/cyfitter_cfg.c **** 	}
 265:Generated_Source\PSoC4/cyfitter_cfg.c **** 	else
 266:Generated_Source\PSoC4/cyfitter_cfg.c **** 	{
 267:Generated_Source\PSoC4/cyfitter_cfg.c **** 		regValue &= ~0x00000020u;
  67              		.loc 1 267 0
  68 001e 0A00     		movs	r2, r1
  69 0020 A243     		bics	r2, r4
 261:Generated_Source\PSoC4/cyfitter_cfg.c **** 	if (enabled != 0u)
  70              		.loc 1 261 0
  71 0022 0028     		cmp	r0, #0
  72 0024 01D0     		beq	.L5
 263:Generated_Source\PSoC4/cyfitter_cfg.c **** 	}
ARM GAS  C:\Users\zack.li\AppData\Local\Temp\cc97KEZj.s 			page 7


  73              		.loc 1 263 0
  74 0026 2200     		movs	r2, r4
  75 0028 0A43     		orrs	r2, r1
  76              	.LVL7:
  77              	.L5:
 268:Generated_Source\PSoC4/cyfitter_cfg.c **** 	}
 269:Generated_Source\PSoC4/cyfitter_cfg.c **** 	CY_SET_XTND_REG32((void *)(CYREG_CLK_SELECT), regValue);
  78              		.loc 1 269 0
  79 002a 1A60     		str	r2, [r3]
 270:Generated_Source\PSoC4/cyfitter_cfg.c **** }
  80              		.loc 1 270 0
  81              		@ sp needed
  82 002c 10BD     		pop	{r4, pc}
  83              	.L9:
  84 002e C046     		.align	2
  85              	.L8:
  86 0030 00200240 		.word	1073881088
  87 0034 28000340 		.word	1073938472
  88              		.cfi_endproc
  89              	.LFE6:
  90              		.size	SetAnalogRoutingPumps, .-SetAnalogRoutingPumps
  91              		.section	.psocinit,"ax",%progbits
  92              		.align	1
  93              		.global	cyfitter_cfg
  94              		.code	16
  95              		.thumb_func
  96              		.type	cyfitter_cfg, %function
  97              	cyfitter_cfg:
  98              	.LFB7:
 271:Generated_Source\PSoC4/cyfitter_cfg.c **** 
 272:Generated_Source\PSoC4/cyfitter_cfg.c **** 
 273:Generated_Source\PSoC4/cyfitter_cfg.c **** #define CY_AMUX_UNUSED CYREG_CM0P_ROM_DWT
 274:Generated_Source\PSoC4/cyfitter_cfg.c **** 
 275:Generated_Source\PSoC4/cyfitter_cfg.c **** 
 276:Generated_Source\PSoC4/cyfitter_cfg.c **** /*******************************************************************************
 277:Generated_Source\PSoC4/cyfitter_cfg.c **** * Function Name: cyfitter_cfg
 278:Generated_Source\PSoC4/cyfitter_cfg.c **** ********************************************************************************
 279:Generated_Source\PSoC4/cyfitter_cfg.c **** * Summary:
 280:Generated_Source\PSoC4/cyfitter_cfg.c **** *  This function is called by the start-up code for the selected device. It
 281:Generated_Source\PSoC4/cyfitter_cfg.c **** *  performs all of the necessary device configuration based on the design
 282:Generated_Source\PSoC4/cyfitter_cfg.c **** *  settings.  This includes settings from the Design Wide Resources (DWR) such
 283:Generated_Source\PSoC4/cyfitter_cfg.c **** *  as Clocks and Pins as well as any component configuration that is necessary.
 284:Generated_Source\PSoC4/cyfitter_cfg.c **** *
 285:Generated_Source\PSoC4/cyfitter_cfg.c **** * Parameters:
 286:Generated_Source\PSoC4/cyfitter_cfg.c **** *   void
 287:Generated_Source\PSoC4/cyfitter_cfg.c **** *
 288:Generated_Source\PSoC4/cyfitter_cfg.c **** * Return:
 289:Generated_Source\PSoC4/cyfitter_cfg.c **** *   void
 290:Generated_Source\PSoC4/cyfitter_cfg.c **** *
 291:Generated_Source\PSoC4/cyfitter_cfg.c **** *******************************************************************************/
 292:Generated_Source\PSoC4/cyfitter_cfg.c **** CY_CFG_SECTION
 293:Generated_Source\PSoC4/cyfitter_cfg.c **** void cyfitter_cfg(void)
 294:Generated_Source\PSoC4/cyfitter_cfg.c **** {
  99              		.loc 1 294 0
 100              		.cfi_startproc
 101              		@ args = 0, pretend = 0, frame = 0
 102              		@ frame_needed = 0, uses_anonymous_args = 0
ARM GAS  C:\Users\zack.li\AppData\Local\Temp\cc97KEZj.s 			page 8


 103 0000 10B5     		push	{r4, lr}
 104              		.cfi_def_cfa_offset 8
 105              		.cfi_offset 4, -8
 106              		.cfi_offset 14, -4
 295:Generated_Source\PSoC4/cyfitter_cfg.c **** 	/* Disable interrupts by default. Let user enable if/when they want. */
 296:Generated_Source\PSoC4/cyfitter_cfg.c **** 	CyGlobalIntDisable;
 107              		.loc 1 296 0
 108              		.syntax divided
 109              	@ 296 "Generated_Source\PSoC4\cyfitter_cfg.c" 1
 110 0002 72B6     		CPSID   i
 111              	@ 0 "" 2
 297:Generated_Source\PSoC4/cyfitter_cfg.c **** 
 298:Generated_Source\PSoC4/cyfitter_cfg.c **** 	{
 299:Generated_Source\PSoC4/cyfitter_cfg.c **** 		/* HSIOM Starting address: CYDEV_HSIOM_BASE */
 300:Generated_Source\PSoC4/cyfitter_cfg.c **** 		CY_SET_REG32((void *)(CYDEV_HSIOM_BASE), 0x00990000u);
 112              		.loc 1 300 0
 113              		.thumb
 114              		.syntax unified
 115 0004 9922     		movs	r2, #153
 116 0006 2E4B     		ldr	r3, .L11
 117 0008 1204     		lsls	r2, r2, #16
 118 000a 1A60     		str	r2, [r3]
 301:Generated_Source\PSoC4/cyfitter_cfg.c **** 		CY_SET_REG32((void *)(CYREG_HSIOM_PORT_SEL1), 0x000000EEu);
 119              		.loc 1 301 0
 120 000c EE22     		movs	r2, #238
 121 000e 2D4B     		ldr	r3, .L11+4
 122              	.LBB6:
 123              	.LBB7:
 173:Generated_Source\PSoC4/cyfitter_cfg.c **** 	/* Update IMO to new clock speed. */
 124              		.loc 1 173 0
 125 0010 2D4C     		ldr	r4, .L11+8
 126              	.LBE7:
 127              	.LBE6:
 128              		.loc 1 301 0
 129 0012 1A60     		str	r2, [r3]
 302:Generated_Source\PSoC4/cyfitter_cfg.c **** 		CY_SET_REG32((void *)(CYREG_HSIOM_PORT_SEL3), 0x0000EE00u);
 130              		.loc 1 302 0
 131 0014 EE22     		movs	r2, #238
 132 0016 2D4B     		ldr	r3, .L11+12
 133 0018 1202     		lsls	r2, r2, #8
 134 001a 1A60     		str	r2, [r3]
 303:Generated_Source\PSoC4/cyfitter_cfg.c **** 
 304:Generated_Source\PSoC4/cyfitter_cfg.c **** 	}
 305:Generated_Source\PSoC4/cyfitter_cfg.c **** 
 306:Generated_Source\PSoC4/cyfitter_cfg.c **** 	/* Perform second pass device configuration. These items must be configured in specific order afte
 307:Generated_Source\PSoC4/cyfitter_cfg.c **** 	/* IOPINS0_0 Starting address: CYDEV_GPIO_PRT0_BASE */
 308:Generated_Source\PSoC4/cyfitter_cfg.c **** 	CY_SET_REG32((void *)(CYDEV_GPIO_PRT0_BASE), 0x0000002Cu);
 135              		.loc 1 308 0
 136 001c 2C22     		movs	r2, #44
 137 001e 2C4B     		ldr	r3, .L11+16
 138              	.LBB11:
 139              	.LBB8:
 175:Generated_Source\PSoC4/cyfitter_cfg.c **** 
 140              		.loc 1 175 0
 141 0020 1820     		movs	r0, #24
 142              	.LBE8:
 143              	.LBE11:
ARM GAS  C:\Users\zack.li\AppData\Local\Temp\cc97KEZj.s 			page 9


 144              		.loc 1 308 0
 145 0022 1A60     		str	r2, [r3]
 309:Generated_Source\PSoC4/cyfitter_cfg.c **** 	CY_SET_REG32((void *)(CYREG_GPIO_PRT0_PC), 0x00031480u);
 146              		.loc 1 309 0
 147 0024 2B4A     		ldr	r2, .L11+20
 148 0026 2C4B     		ldr	r3, .L11+24
 310:Generated_Source\PSoC4/cyfitter_cfg.c **** 	CY_SET_REG32((void *)(CYREG_GPIO_PRT0_PC2), 0x00000020u);
 311:Generated_Source\PSoC4/cyfitter_cfg.c **** 
 312:Generated_Source\PSoC4/cyfitter_cfg.c **** 	/* IOPINS0_1 Starting address: CYDEV_GPIO_PRT1_BASE */
 313:Generated_Source\PSoC4/cyfitter_cfg.c **** 	CY_SET_REG32((void *)(CYDEV_GPIO_PRT1_BASE), 0x0000008Bu);
 314:Generated_Source\PSoC4/cyfitter_cfg.c **** 	CY_SET_REG32((void *)(CYREG_GPIO_PRT1_PC), 0x00000C24u);
 315:Generated_Source\PSoC4/cyfitter_cfg.c **** 	CY_SET_REG32((void *)(CYREG_GPIO_PRT1_PC2), 0x00000080u);
 316:Generated_Source\PSoC4/cyfitter_cfg.c **** 
 317:Generated_Source\PSoC4/cyfitter_cfg.c **** 	/* IOPINS0_2 Starting address: CYDEV_GPIO_PRT2_BASE */
 318:Generated_Source\PSoC4/cyfitter_cfg.c **** 	CY_SET_REG32((void *)(CYDEV_GPIO_PRT2_BASE), 0x0000000Bu);
 319:Generated_Source\PSoC4/cyfitter_cfg.c **** 	CY_SET_REG32((void *)(CYREG_GPIO_PRT2_PC2), 0x0000004Fu);
 320:Generated_Source\PSoC4/cyfitter_cfg.c **** 
 321:Generated_Source\PSoC4/cyfitter_cfg.c **** 	/* IOPINS0_3 Starting address: CYDEV_GPIO_PRT3_BASE */
 322:Generated_Source\PSoC4/cyfitter_cfg.c **** 	CY_SET_REG32((void *)(CYREG_GPIO_PRT3_PC), 0x00000D80u);
 323:Generated_Source\PSoC4/cyfitter_cfg.c **** 
 324:Generated_Source\PSoC4/cyfitter_cfg.c **** 	/* IOPINS0_4 Starting address: CYDEV_GPIO_PRT4_BASE */
 325:Generated_Source\PSoC4/cyfitter_cfg.c **** 	CY_SET_REG32((void *)(CYREG_GPIO_PRT4_PC2), 0x00000002u);
 326:Generated_Source\PSoC4/cyfitter_cfg.c **** 
 327:Generated_Source\PSoC4/cyfitter_cfg.c **** 
 328:Generated_Source\PSoC4/cyfitter_cfg.c **** 	/* Setup clocks based on selections from Clock DWR */
 329:Generated_Source\PSoC4/cyfitter_cfg.c **** 	ClockSetup();
 330:Generated_Source\PSoC4/cyfitter_cfg.c **** 
 331:Generated_Source\PSoC4/cyfitter_cfg.c **** 	/* Perform basic analog initialization to defaults */
 332:Generated_Source\PSoC4/cyfitter_cfg.c **** 	AnalogSetDefault();
 333:Generated_Source\PSoC4/cyfitter_cfg.c **** 
 334:Generated_Source\PSoC4/cyfitter_cfg.c **** }
 149              		.loc 1 334 0
 150              		@ sp needed
 309:Generated_Source\PSoC4/cyfitter_cfg.c **** 	CY_SET_REG32((void *)(CYREG_GPIO_PRT0_PC), 0x00031480u);
 151              		.loc 1 309 0
 152 0028 1A60     		str	r2, [r3]
 310:Generated_Source\PSoC4/cyfitter_cfg.c **** 	CY_SET_REG32((void *)(CYREG_GPIO_PRT0_PC2), 0x00000020u);
 153              		.loc 1 310 0
 154 002a 2022     		movs	r2, #32
 155 002c 2B4B     		ldr	r3, .L11+28
 156 002e 1A60     		str	r2, [r3]
 313:Generated_Source\PSoC4/cyfitter_cfg.c **** 	CY_SET_REG32((void *)(CYREG_GPIO_PRT1_PC), 0x00000C24u);
 157              		.loc 1 313 0
 158 0030 2B4B     		ldr	r3, .L11+32
 159 0032 6B32     		adds	r2, r2, #107
 160 0034 1A60     		str	r2, [r3]
 314:Generated_Source\PSoC4/cyfitter_cfg.c **** 	CY_SET_REG32((void *)(CYREG_GPIO_PRT1_PC2), 0x00000080u);
 161              		.loc 1 314 0
 162 0036 2B4A     		ldr	r2, .L11+36
 163 0038 2B4B     		ldr	r3, .L11+40
 164 003a 1A60     		str	r2, [r3]
 315:Generated_Source\PSoC4/cyfitter_cfg.c **** 
 165              		.loc 1 315 0
 166 003c 8022     		movs	r2, #128
 167 003e 2B4B     		ldr	r3, .L11+44
 168 0040 1A60     		str	r2, [r3]
 318:Generated_Source\PSoC4/cyfitter_cfg.c **** 	CY_SET_REG32((void *)(CYREG_GPIO_PRT2_PC2), 0x0000004Fu);
ARM GAS  C:\Users\zack.li\AppData\Local\Temp\cc97KEZj.s 			page 10


 169              		.loc 1 318 0
 170 0042 2B4B     		ldr	r3, .L11+48
 171 0044 753A     		subs	r2, r2, #117
 172 0046 1A60     		str	r2, [r3]
 319:Generated_Source\PSoC4/cyfitter_cfg.c **** 
 173              		.loc 1 319 0
 174 0048 2A4B     		ldr	r3, .L11+52
 175 004a 4432     		adds	r2, r2, #68
 176 004c 1A60     		str	r2, [r3]
 322:Generated_Source\PSoC4/cyfitter_cfg.c **** 
 177              		.loc 1 322 0
 178 004e D822     		movs	r2, #216
 179 0050 294B     		ldr	r3, .L11+56
 180 0052 1201     		lsls	r2, r2, #4
 181 0054 1A60     		str	r2, [r3]
 325:Generated_Source\PSoC4/cyfitter_cfg.c **** 
 182              		.loc 1 325 0
 183 0056 0222     		movs	r2, #2
 184 0058 284B     		ldr	r3, .L11+60
 185 005a 1A60     		str	r2, [r3]
 186              	.LBB12:
 187              	.LBB9:
 173:Generated_Source\PSoC4/cyfitter_cfg.c **** 	/* Update IMO to new clock speed. */
 188              		.loc 1 173 0
 189 005c 1223     		movs	r3, #18
 190 005e 2360     		str	r3, [r4]
 175:Generated_Source\PSoC4/cyfitter_cfg.c **** 
 191              		.loc 1 175 0
 192 0060 FFF7FEFF 		bl	CySysClkWriteImoFreq
 193              	.LVL8:
 180:Generated_Source\PSoC4/cyfitter_cfg.c **** 	CY_SET_REG32((void *)CYREG_PERI_DIV_CMD, 0x8000FF40u);
 194              		.loc 1 180 0
 195 0064 FE21     		movs	r1, #254
 178:Generated_Source\PSoC4/cyfitter_cfg.c **** 	CY_SET_REG32((void *)CYREG_PERI_DIV_CMD, 0x8000FF43u);
 196              		.loc 1 178 0
 197 0066 264A     		ldr	r2, .L11+64
 198 0068 264B     		ldr	r3, .L11+68
 180:Generated_Source\PSoC4/cyfitter_cfg.c **** 	CY_SET_REG32((void *)CYREG_PERI_DIV_CMD, 0x8000FF40u);
 199              		.loc 1 180 0
 200 006a 0902     		lsls	r1, r1, #8
 178:Generated_Source\PSoC4/cyfitter_cfg.c **** 	CY_SET_REG32((void *)CYREG_PERI_DIV_CMD, 0x8000FF43u);
 201              		.loc 1 178 0
 202 006c 1A60     		str	r2, [r3]
 179:Generated_Source\PSoC4/cyfitter_cfg.c **** 	CY_SET_REG32((void *)CYREG_PERI_DIV_16_CTL0, 0x0000FE00u);
 203              		.loc 1 179 0
 204 006e 264B     		ldr	r3, .L11+72
 205 0070 264A     		ldr	r2, .L11+76
 206              	.LBE9:
 207              	.LBE12:
 208              	.LBB13:
 209              	.LBB14:
 228:Generated_Source\PSoC4/cyfitter_cfg.c **** }
 210              		.loc 1 228 0
 211 0072 0120     		movs	r0, #1
 212              	.LBE14:
 213              	.LBE13:
 214              	.LBB16:
ARM GAS  C:\Users\zack.li\AppData\Local\Temp\cc97KEZj.s 			page 11


 215              	.LBB10:
 179:Generated_Source\PSoC4/cyfitter_cfg.c **** 	CY_SET_REG32((void *)CYREG_PERI_DIV_16_CTL0, 0x0000FE00u);
 216              		.loc 1 179 0
 217 0074 1A60     		str	r2, [r3]
 180:Generated_Source\PSoC4/cyfitter_cfg.c **** 	CY_SET_REG32((void *)CYREG_PERI_DIV_CMD, 0x8000FF40u);
 218              		.loc 1 180 0
 219 0076 264A     		ldr	r2, .L11+80
 220 0078 1160     		str	r1, [r2]
 182:Generated_Source\PSoC4/cyfitter_cfg.c **** 	CY_SET_REG32((void *)CYREG_PERI_DIV_CMD, 0x8000FF42u);
 221              		.loc 1 182 0
 222 007a 8021     		movs	r1, #128
 181:Generated_Source\PSoC4/cyfitter_cfg.c **** 	CY_SET_REG32((void *)CYREG_PERI_DIV_16_CTL2, 0x00001000u);
 223              		.loc 1 181 0
 224 007c 254A     		ldr	r2, .L11+84
 182:Generated_Source\PSoC4/cyfitter_cfg.c **** 	CY_SET_REG32((void *)CYREG_PERI_DIV_CMD, 0x8000FF42u);
 225              		.loc 1 182 0
 226 007e 4901     		lsls	r1, r1, #5
 181:Generated_Source\PSoC4/cyfitter_cfg.c **** 	CY_SET_REG32((void *)CYREG_PERI_DIV_16_CTL2, 0x00001000u);
 227              		.loc 1 181 0
 228 0080 1A60     		str	r2, [r3]
 182:Generated_Source\PSoC4/cyfitter_cfg.c **** 	CY_SET_REG32((void *)CYREG_PERI_DIV_CMD, 0x8000FF42u);
 229              		.loc 1 182 0
 230 0082 254A     		ldr	r2, .L11+88
 231 0084 1160     		str	r1, [r2]
 184:Generated_Source\PSoC4/cyfitter_cfg.c **** 	CY_SET_REG32((void *)CYREG_PERI_DIV_CMD, 0x8000FF41u);
 232              		.loc 1 184 0
 233 0086 E021     		movs	r1, #224
 183:Generated_Source\PSoC4/cyfitter_cfg.c **** 	CY_SET_REG32((void *)CYREG_PERI_DIV_16_CTL1, 0x00000E00u);
 234              		.loc 1 183 0
 235 0088 244A     		ldr	r2, .L11+92
 184:Generated_Source\PSoC4/cyfitter_cfg.c **** 	CY_SET_REG32((void *)CYREG_PERI_DIV_CMD, 0x8000FF41u);
 236              		.loc 1 184 0
 237 008a 0901     		lsls	r1, r1, #4
 183:Generated_Source\PSoC4/cyfitter_cfg.c **** 	CY_SET_REG32((void *)CYREG_PERI_DIV_16_CTL1, 0x00000E00u);
 238              		.loc 1 183 0
 239 008c 1A60     		str	r2, [r3]
 184:Generated_Source\PSoC4/cyfitter_cfg.c **** 	CY_SET_REG32((void *)CYREG_PERI_DIV_CMD, 0x8000FF41u);
 240              		.loc 1 184 0
 241 008e 244A     		ldr	r2, .L11+96
 242 0090 1160     		str	r1, [r2]
 185:Generated_Source\PSoC4/cyfitter_cfg.c **** 
 243              		.loc 1 185 0
 244 0092 244A     		ldr	r2, .L11+100
 245 0094 1A60     		str	r2, [r3]
 188:Generated_Source\PSoC4/cyfitter_cfg.c **** 
 246              		.loc 1 188 0
 247 0096 0022     		movs	r2, #0
 248 0098 234B     		ldr	r3, .L11+104
 249 009a 1A60     		str	r2, [r3]
 191:Generated_Source\PSoC4/cyfitter_cfg.c **** 
 250              		.loc 1 191 0
 251 009c 234B     		ldr	r3, .L11+108
 252 009e 4332     		adds	r2, r2, #67
 253 00a0 1A60     		str	r2, [r3]
 194:Generated_Source\PSoC4/cyfitter_cfg.c **** 
 254              		.loc 1 194 0
 255 00a2 234B     		ldr	r3, .L11+112
ARM GAS  C:\Users\zack.li\AppData\Local\Temp\cc97KEZj.s 			page 12


 256 00a4 033A     		subs	r2, r2, #3
 257 00a6 1A60     		str	r2, [r3]
 197:Generated_Source\PSoC4/cyfitter_cfg.c **** 
 258              		.loc 1 197 0
 259 00a8 224B     		ldr	r3, .L11+116
 260 00aa 0232     		adds	r2, r2, #2
 261 00ac 1A60     		str	r2, [r3]
 200:Generated_Source\PSoC4/cyfitter_cfg.c **** 
 262              		.loc 1 200 0
 263 00ae 224B     		ldr	r3, .L11+120
 264 00b0 013A     		subs	r2, r2, #1
 265 00b2 1A60     		str	r2, [r3]
 203:Generated_Source\PSoC4/cyfitter_cfg.c **** }
 266              		.loc 1 203 0
 267 00b4 1123     		movs	r3, #17
 268 00b6 2360     		str	r3, [r4]
 269              	.LBE10:
 270              	.LBE16:
 271              	.LBB17:
 272              	.LBB15:
 228:Generated_Source\PSoC4/cyfitter_cfg.c **** }
 273              		.loc 1 228 0
 274 00b8 FFF7FEFF 		bl	SetAnalogRoutingPumps
 275              	.LVL9:
 276              	.LBE15:
 277              	.LBE17:
 278              		.loc 1 334 0
 279 00bc 10BD     		pop	{r4, pc}
 280              	.L12:
 281 00be C046     		.align	2
 282              	.L11:
 283 00c0 00000240 		.word	1073872896
 284 00c4 00010240 		.word	1073873152
 285 00c8 30001040 		.word	1074790448
 286 00cc 00030240 		.word	1073873664
 287 00d0 00000440 		.word	1074003968
 288 00d4 80140300 		.word	201856
 289 00d8 08000440 		.word	1074003976
 290 00dc 18000440 		.word	1074003992
 291 00e0 00010440 		.word	1074004224
 292 00e4 240C0000 		.word	3108
 293 00e8 08010440 		.word	1074004232
 294 00ec 18010440 		.word	1074004248
 295 00f0 00020440 		.word	1074004480
 296 00f4 18020440 		.word	1074004504
 297 00f8 08030440 		.word	1074004744
 298 00fc 18040440 		.word	1074005016
 299 0100 00BF5D00 		.word	6143744
 300 0104 0C030140 		.word	1073808140
 301 0108 00000140 		.word	1073807360
 302 010c 43FF0080 		.word	-2147418301
 303 0110 00030140 		.word	1073808128
 304 0114 40FF0080 		.word	-2147418304
 305 0118 08030140 		.word	1073808136
 306 011c 42FF0080 		.word	-2147418302
 307 0120 04030140 		.word	1073808132
 308 0124 41FF0080 		.word	-2147418303
ARM GAS  C:\Users\zack.li\AppData\Local\Temp\cc97KEZj.s 			page 13


 309 0128 28000340 		.word	1073938472
 310 012c 0C010140 		.word	1073807628
 311 0130 08010140 		.word	1073807624
 312 0134 04010140 		.word	1073807620
 313 0138 00010140 		.word	1073807616
 314              		.cfi_endproc
 315              	.LFE7:
 316              		.size	cyfitter_cfg, .-cyfitter_cfg
 317              		.text
 318              	.Letext0:
 319              		.file 2 "Generated_Source\\PSoC4\\cytypes.h"
 320              		.file 3 "Generated_Source\\PSoC4\\CyLib.h"
 321              		.section	.debug_info,"",%progbits
 322              	.Ldebug_info0:
 323 0000 5C010000 		.4byte	0x15c
 324 0004 0400     		.2byte	0x4
 325 0006 00000000 		.4byte	.Ldebug_abbrev0
 326 000a 04       		.byte	0x4
 327 000b 01       		.uleb128 0x1
 328 000c 72010000 		.4byte	.LASF21
 329 0010 0C       		.byte	0xc
 330 0011 15000000 		.4byte	.LASF22
 331 0015 C3000000 		.4byte	.LASF23
 332 0019 40000000 		.4byte	.Ldebug_ranges0+0x40
 333 001d 00000000 		.4byte	0
 334 0021 00000000 		.4byte	.Ldebug_line0
 335 0025 02       		.uleb128 0x2
 336 0026 04       		.byte	0x4
 337 0027 05       		.byte	0x5
 338 0028 696E7400 		.ascii	"int\000"
 339 002c 03       		.uleb128 0x3
 340 002d 04       		.byte	0x4
 341 002e 07       		.byte	0x7
 342 002f 3B000000 		.4byte	.LASF0
 343 0033 03       		.uleb128 0x3
 344 0034 08       		.byte	0x8
 345 0035 05       		.byte	0x5
 346 0036 00000000 		.4byte	.LASF1
 347 003a 03       		.uleb128 0x3
 348 003b 08       		.byte	0x8
 349 003c 04       		.byte	0x4
 350 003d 4B010000 		.4byte	.LASF2
 351 0041 03       		.uleb128 0x3
 352 0042 01       		.byte	0x1
 353 0043 06       		.byte	0x6
 354 0044 3F010000 		.4byte	.LASF3
 355 0048 03       		.uleb128 0x3
 356 0049 01       		.byte	0x1
 357 004a 08       		.byte	0x8
 358 004b B5000000 		.4byte	.LASF4
 359 004f 03       		.uleb128 0x3
 360 0050 02       		.byte	0x2
 361 0051 05       		.byte	0x5
 362 0052 68010000 		.4byte	.LASF5
 363 0056 03       		.uleb128 0x3
 364 0057 02       		.byte	0x2
 365 0058 07       		.byte	0x7
ARM GAS  C:\Users\zack.li\AppData\Local\Temp\cc97KEZj.s 			page 14


 366 0059 2C010000 		.4byte	.LASF6
 367 005d 03       		.uleb128 0x3
 368 005e 04       		.byte	0x4
 369 005f 05       		.byte	0x5
 370 0060 FA000000 		.4byte	.LASF7
 371 0064 03       		.uleb128 0x3
 372 0065 04       		.byte	0x4
 373 0066 07       		.byte	0x7
 374 0067 4E000000 		.4byte	.LASF8
 375 006b 03       		.uleb128 0x3
 376 006c 08       		.byte	0x8
 377 006d 07       		.byte	0x7
 378 006e 6D000000 		.4byte	.LASF9
 379 0072 03       		.uleb128 0x3
 380 0073 04       		.byte	0x4
 381 0074 07       		.byte	0x7
 382 0075 04020000 		.4byte	.LASF10
 383 0079 03       		.uleb128 0x3
 384 007a 01       		.byte	0x1
 385 007b 08       		.byte	0x8
 386 007c F5000000 		.4byte	.LASF11
 387 0080 04       		.uleb128 0x4
 388 0081 48000000 		.4byte	.LASF12
 389 0085 02       		.byte	0x2
 390 0086 E401     		.2byte	0x1e4
 391 0088 48000000 		.4byte	0x48
 392 008c 04       		.uleb128 0x4
 393 008d 0E000000 		.4byte	.LASF13
 394 0091 02       		.byte	0x2
 395 0092 E601     		.2byte	0x1e6
 396 0094 64000000 		.4byte	0x64
 397 0098 03       		.uleb128 0x3
 398 0099 04       		.byte	0x4
 399 009a 04       		.byte	0x4
 400 009b 84000000 		.4byte	.LASF14
 401 009f 03       		.uleb128 0x3
 402 00a0 08       		.byte	0x8
 403 00a1 04       		.byte	0x4
 404 00a2 1F010000 		.4byte	.LASF15
 405 00a6 04       		.uleb128 0x4
 406 00a7 26010000 		.4byte	.LASF16
 407 00ab 02       		.byte	0x2
 408 00ac 9002     		.2byte	0x290
 409 00ae B2000000 		.4byte	0xb2
 410 00b2 05       		.uleb128 0x5
 411 00b3 8C000000 		.4byte	0x8c
 412 00b7 06       		.uleb128 0x6
 413 00b8 8A000000 		.4byte	.LASF19
 414 00bc 01       		.byte	0x1
 415 00bd F8       		.byte	0xf8
 416 00be 00000000 		.4byte	.LFB6
 417 00c2 38000000 		.4byte	.LFE6-.LFB6
 418 00c6 01       		.uleb128 0x1
 419 00c7 9C       		.byte	0x9c
 420 00c8 E9000000 		.4byte	0xe9
 421 00cc 07       		.uleb128 0x7
 422 00cd 57010000 		.4byte	.LASF24
ARM GAS  C:\Users\zack.li\AppData\Local\Temp\cc97KEZj.s 			page 15


 423 00d1 01       		.byte	0x1
 424 00d2 F8       		.byte	0xf8
 425 00d3 80000000 		.4byte	0x80
 426 00d7 01       		.uleb128 0x1
 427 00d8 50       		.byte	0x50
 428 00d9 08       		.uleb128 0x8
 429 00da 5F010000 		.4byte	.LASF25
 430 00de 01       		.byte	0x1
 431 00df FA       		.byte	0xfa
 432 00e0 8C000000 		.4byte	0x8c
 433 00e4 00000000 		.4byte	.LLST0
 434 00e8 00       		.byte	0
 435 00e9 09       		.uleb128 0x9
 436 00ea 03010000 		.4byte	.LASF17
 437 00ee 01       		.byte	0x1
 438 00ef E2       		.byte	0xe2
 439 00f0 01       		.byte	0x1
 440 00f1 09       		.uleb128 0x9
 441 00f2 14010000 		.4byte	.LASF18
 442 00f6 01       		.byte	0x1
 443 00f7 A9       		.byte	0xa9
 444 00f8 01       		.byte	0x1
 445 00f9 0A       		.uleb128 0xa
 446 00fa 60000000 		.4byte	.LASF20
 447 00fe 01       		.byte	0x1
 448 00ff 2501     		.2byte	0x125
 449 0101 00000000 		.4byte	.LFB7
 450 0105 3C010000 		.4byte	.LFE7-.LFB7
 451 0109 01       		.uleb128 0x1
 452 010a 9C       		.byte	0x9c
 453 010b 54010000 		.4byte	0x154
 454 010f 0B       		.uleb128 0xb
 455 0110 F1000000 		.4byte	0xf1
 456 0114 10000000 		.4byte	.LBB6
 457 0118 00000000 		.4byte	.Ldebug_ranges0+0
 458 011c 01       		.byte	0x1
 459 011d 4901     		.2byte	0x149
 460 011f 33010000 		.4byte	0x133
 461 0123 0C       		.uleb128 0xc
 462 0124 64000000 		.4byte	.LVL8
 463 0128 54010000 		.4byte	0x154
 464 012c 0D       		.uleb128 0xd
 465 012d 01       		.uleb128 0x1
 466 012e 50       		.byte	0x50
 467 012f 01       		.uleb128 0x1
 468 0130 48       		.byte	0x48
 469 0131 00       		.byte	0
 470 0132 00       		.byte	0
 471 0133 0E       		.uleb128 0xe
 472 0134 E9000000 		.4byte	0xe9
 473 0138 72000000 		.4byte	.LBB13
 474 013c 28000000 		.4byte	.Ldebug_ranges0+0x28
 475 0140 01       		.byte	0x1
 476 0141 4C01     		.2byte	0x14c
 477 0143 0C       		.uleb128 0xc
 478 0144 BC000000 		.4byte	.LVL9
 479 0148 B7000000 		.4byte	0xb7
ARM GAS  C:\Users\zack.li\AppData\Local\Temp\cc97KEZj.s 			page 16


 480 014c 0D       		.uleb128 0xd
 481 014d 01       		.uleb128 0x1
 482 014e 50       		.byte	0x50
 483 014f 01       		.uleb128 0x1
 484 0150 31       		.byte	0x31
 485 0151 00       		.byte	0
 486 0152 00       		.byte	0
 487 0153 00       		.byte	0
 488 0154 0F       		.uleb128 0xf
 489 0155 A0000000 		.4byte	.LASF26
 490 0159 A0000000 		.4byte	.LASF26
 491 015d 03       		.byte	0x3
 492 015e 6C       		.byte	0x6c
 493 015f 00       		.byte	0
 494              		.section	.debug_abbrev,"",%progbits
 495              	.Ldebug_abbrev0:
 496 0000 01       		.uleb128 0x1
 497 0001 11       		.uleb128 0x11
 498 0002 01       		.byte	0x1
 499 0003 25       		.uleb128 0x25
 500 0004 0E       		.uleb128 0xe
 501 0005 13       		.uleb128 0x13
 502 0006 0B       		.uleb128 0xb
 503 0007 03       		.uleb128 0x3
 504 0008 0E       		.uleb128 0xe
 505 0009 1B       		.uleb128 0x1b
 506 000a 0E       		.uleb128 0xe
 507 000b 55       		.uleb128 0x55
 508 000c 17       		.uleb128 0x17
 509 000d 11       		.uleb128 0x11
 510 000e 01       		.uleb128 0x1
 511 000f 10       		.uleb128 0x10
 512 0010 17       		.uleb128 0x17
 513 0011 00       		.byte	0
 514 0012 00       		.byte	0
 515 0013 02       		.uleb128 0x2
 516 0014 24       		.uleb128 0x24
 517 0015 00       		.byte	0
 518 0016 0B       		.uleb128 0xb
 519 0017 0B       		.uleb128 0xb
 520 0018 3E       		.uleb128 0x3e
 521 0019 0B       		.uleb128 0xb
 522 001a 03       		.uleb128 0x3
 523 001b 08       		.uleb128 0x8
 524 001c 00       		.byte	0
 525 001d 00       		.byte	0
 526 001e 03       		.uleb128 0x3
 527 001f 24       		.uleb128 0x24
 528 0020 00       		.byte	0
 529 0021 0B       		.uleb128 0xb
 530 0022 0B       		.uleb128 0xb
 531 0023 3E       		.uleb128 0x3e
 532 0024 0B       		.uleb128 0xb
 533 0025 03       		.uleb128 0x3
 534 0026 0E       		.uleb128 0xe
 535 0027 00       		.byte	0
 536 0028 00       		.byte	0
ARM GAS  C:\Users\zack.li\AppData\Local\Temp\cc97KEZj.s 			page 17


 537 0029 04       		.uleb128 0x4
 538 002a 16       		.uleb128 0x16
 539 002b 00       		.byte	0
 540 002c 03       		.uleb128 0x3
 541 002d 0E       		.uleb128 0xe
 542 002e 3A       		.uleb128 0x3a
 543 002f 0B       		.uleb128 0xb
 544 0030 3B       		.uleb128 0x3b
 545 0031 05       		.uleb128 0x5
 546 0032 49       		.uleb128 0x49
 547 0033 13       		.uleb128 0x13
 548 0034 00       		.byte	0
 549 0035 00       		.byte	0
 550 0036 05       		.uleb128 0x5
 551 0037 35       		.uleb128 0x35
 552 0038 00       		.byte	0
 553 0039 49       		.uleb128 0x49
 554 003a 13       		.uleb128 0x13
 555 003b 00       		.byte	0
 556 003c 00       		.byte	0
 557 003d 06       		.uleb128 0x6
 558 003e 2E       		.uleb128 0x2e
 559 003f 01       		.byte	0x1
 560 0040 3F       		.uleb128 0x3f
 561 0041 19       		.uleb128 0x19
 562 0042 03       		.uleb128 0x3
 563 0043 0E       		.uleb128 0xe
 564 0044 3A       		.uleb128 0x3a
 565 0045 0B       		.uleb128 0xb
 566 0046 3B       		.uleb128 0x3b
 567 0047 0B       		.uleb128 0xb
 568 0048 27       		.uleb128 0x27
 569 0049 19       		.uleb128 0x19
 570 004a 11       		.uleb128 0x11
 571 004b 01       		.uleb128 0x1
 572 004c 12       		.uleb128 0x12
 573 004d 06       		.uleb128 0x6
 574 004e 40       		.uleb128 0x40
 575 004f 18       		.uleb128 0x18
 576 0050 9742     		.uleb128 0x2117
 577 0052 19       		.uleb128 0x19
 578 0053 01       		.uleb128 0x1
 579 0054 13       		.uleb128 0x13
 580 0055 00       		.byte	0
 581 0056 00       		.byte	0
 582 0057 07       		.uleb128 0x7
 583 0058 05       		.uleb128 0x5
 584 0059 00       		.byte	0
 585 005a 03       		.uleb128 0x3
 586 005b 0E       		.uleb128 0xe
 587 005c 3A       		.uleb128 0x3a
 588 005d 0B       		.uleb128 0xb
 589 005e 3B       		.uleb128 0x3b
 590 005f 0B       		.uleb128 0xb
 591 0060 49       		.uleb128 0x49
 592 0061 13       		.uleb128 0x13
 593 0062 02       		.uleb128 0x2
ARM GAS  C:\Users\zack.li\AppData\Local\Temp\cc97KEZj.s 			page 18


 594 0063 18       		.uleb128 0x18
 595 0064 00       		.byte	0
 596 0065 00       		.byte	0
 597 0066 08       		.uleb128 0x8
 598 0067 34       		.uleb128 0x34
 599 0068 00       		.byte	0
 600 0069 03       		.uleb128 0x3
 601 006a 0E       		.uleb128 0xe
 602 006b 3A       		.uleb128 0x3a
 603 006c 0B       		.uleb128 0xb
 604 006d 3B       		.uleb128 0x3b
 605 006e 0B       		.uleb128 0xb
 606 006f 49       		.uleb128 0x49
 607 0070 13       		.uleb128 0x13
 608 0071 02       		.uleb128 0x2
 609 0072 17       		.uleb128 0x17
 610 0073 00       		.byte	0
 611 0074 00       		.byte	0
 612 0075 09       		.uleb128 0x9
 613 0076 2E       		.uleb128 0x2e
 614 0077 00       		.byte	0
 615 0078 03       		.uleb128 0x3
 616 0079 0E       		.uleb128 0xe
 617 007a 3A       		.uleb128 0x3a
 618 007b 0B       		.uleb128 0xb
 619 007c 3B       		.uleb128 0x3b
 620 007d 0B       		.uleb128 0xb
 621 007e 27       		.uleb128 0x27
 622 007f 19       		.uleb128 0x19
 623 0080 20       		.uleb128 0x20
 624 0081 0B       		.uleb128 0xb
 625 0082 00       		.byte	0
 626 0083 00       		.byte	0
 627 0084 0A       		.uleb128 0xa
 628 0085 2E       		.uleb128 0x2e
 629 0086 01       		.byte	0x1
 630 0087 3F       		.uleb128 0x3f
 631 0088 19       		.uleb128 0x19
 632 0089 03       		.uleb128 0x3
 633 008a 0E       		.uleb128 0xe
 634 008b 3A       		.uleb128 0x3a
 635 008c 0B       		.uleb128 0xb
 636 008d 3B       		.uleb128 0x3b
 637 008e 05       		.uleb128 0x5
 638 008f 27       		.uleb128 0x27
 639 0090 19       		.uleb128 0x19
 640 0091 11       		.uleb128 0x11
 641 0092 01       		.uleb128 0x1
 642 0093 12       		.uleb128 0x12
 643 0094 06       		.uleb128 0x6
 644 0095 40       		.uleb128 0x40
 645 0096 18       		.uleb128 0x18
 646 0097 9742     		.uleb128 0x2117
 647 0099 19       		.uleb128 0x19
 648 009a 01       		.uleb128 0x1
 649 009b 13       		.uleb128 0x13
 650 009c 00       		.byte	0
ARM GAS  C:\Users\zack.li\AppData\Local\Temp\cc97KEZj.s 			page 19


 651 009d 00       		.byte	0
 652 009e 0B       		.uleb128 0xb
 653 009f 1D       		.uleb128 0x1d
 654 00a0 01       		.byte	0x1
 655 00a1 31       		.uleb128 0x31
 656 00a2 13       		.uleb128 0x13
 657 00a3 52       		.uleb128 0x52
 658 00a4 01       		.uleb128 0x1
 659 00a5 55       		.uleb128 0x55
 660 00a6 17       		.uleb128 0x17
 661 00a7 58       		.uleb128 0x58
 662 00a8 0B       		.uleb128 0xb
 663 00a9 59       		.uleb128 0x59
 664 00aa 05       		.uleb128 0x5
 665 00ab 01       		.uleb128 0x1
 666 00ac 13       		.uleb128 0x13
 667 00ad 00       		.byte	0
 668 00ae 00       		.byte	0
 669 00af 0C       		.uleb128 0xc
 670 00b0 898201   		.uleb128 0x4109
 671 00b3 01       		.byte	0x1
 672 00b4 11       		.uleb128 0x11
 673 00b5 01       		.uleb128 0x1
 674 00b6 31       		.uleb128 0x31
 675 00b7 13       		.uleb128 0x13
 676 00b8 00       		.byte	0
 677 00b9 00       		.byte	0
 678 00ba 0D       		.uleb128 0xd
 679 00bb 8A8201   		.uleb128 0x410a
 680 00be 00       		.byte	0
 681 00bf 02       		.uleb128 0x2
 682 00c0 18       		.uleb128 0x18
 683 00c1 9142     		.uleb128 0x2111
 684 00c3 18       		.uleb128 0x18
 685 00c4 00       		.byte	0
 686 00c5 00       		.byte	0
 687 00c6 0E       		.uleb128 0xe
 688 00c7 1D       		.uleb128 0x1d
 689 00c8 01       		.byte	0x1
 690 00c9 31       		.uleb128 0x31
 691 00ca 13       		.uleb128 0x13
 692 00cb 52       		.uleb128 0x52
 693 00cc 01       		.uleb128 0x1
 694 00cd 55       		.uleb128 0x55
 695 00ce 17       		.uleb128 0x17
 696 00cf 58       		.uleb128 0x58
 697 00d0 0B       		.uleb128 0xb
 698 00d1 59       		.uleb128 0x59
 699 00d2 05       		.uleb128 0x5
 700 00d3 00       		.byte	0
 701 00d4 00       		.byte	0
 702 00d5 0F       		.uleb128 0xf
 703 00d6 2E       		.uleb128 0x2e
 704 00d7 00       		.byte	0
 705 00d8 3F       		.uleb128 0x3f
 706 00d9 19       		.uleb128 0x19
 707 00da 3C       		.uleb128 0x3c
ARM GAS  C:\Users\zack.li\AppData\Local\Temp\cc97KEZj.s 			page 20


 708 00db 19       		.uleb128 0x19
 709 00dc 6E       		.uleb128 0x6e
 710 00dd 0E       		.uleb128 0xe
 711 00de 03       		.uleb128 0x3
 712 00df 0E       		.uleb128 0xe
 713 00e0 3A       		.uleb128 0x3a
 714 00e1 0B       		.uleb128 0xb
 715 00e2 3B       		.uleb128 0x3b
 716 00e3 0B       		.uleb128 0xb
 717 00e4 00       		.byte	0
 718 00e5 00       		.byte	0
 719 00e6 00       		.byte	0
 720              		.section	.debug_loc,"",%progbits
 721              	.Ldebug_loc0:
 722              	.LLST0:
 723 0000 06000000 		.4byte	.LVL1
 724 0004 14000000 		.4byte	.LVL3
 725 0008 0100     		.2byte	0x1
 726 000a 53       		.byte	0x53
 727 000b 16000000 		.4byte	.LVL4
 728 000f 1A000000 		.4byte	.LVL5
 729 0013 0100     		.2byte	0x1
 730 0015 53       		.byte	0x53
 731 0016 1A000000 		.4byte	.LVL5
 732 001a 1E000000 		.4byte	.LVL6
 733 001e 0200     		.2byte	0x2
 734 0020 72       		.byte	0x72
 735 0021 00       		.sleb128 0
 736 0022 1E000000 		.4byte	.LVL6
 737 0026 2A000000 		.4byte	.LVL7
 738 002a 0100     		.2byte	0x1
 739 002c 51       		.byte	0x51
 740 002d 2A000000 		.4byte	.LVL7
 741 0031 38000000 		.4byte	.LFE6
 742 0035 0100     		.2byte	0x1
 743 0037 52       		.byte	0x52
 744 0038 00000000 		.4byte	0
 745 003c 00000000 		.4byte	0
 746              		.section	.debug_aranges,"",%progbits
 747 0000 24000000 		.4byte	0x24
 748 0004 0200     		.2byte	0x2
 749 0006 00000000 		.4byte	.Ldebug_info0
 750 000a 04       		.byte	0x4
 751 000b 00       		.byte	0
 752 000c 0000     		.2byte	0
 753 000e 0000     		.2byte	0
 754 0010 00000000 		.4byte	.LFB6
 755 0014 38000000 		.4byte	.LFE6-.LFB6
 756 0018 00000000 		.4byte	.LFB7
 757 001c 3C010000 		.4byte	.LFE7-.LFB7
 758 0020 00000000 		.4byte	0
 759 0024 00000000 		.4byte	0
 760              		.section	.debug_ranges,"",%progbits
 761              	.Ldebug_ranges0:
 762 0000 10000000 		.4byte	.LBB6
 763 0004 12000000 		.4byte	.LBE6
 764 0008 20000000 		.4byte	.LBB11
ARM GAS  C:\Users\zack.li\AppData\Local\Temp\cc97KEZj.s 			page 21


 765 000c 22000000 		.4byte	.LBE11
 766 0010 5C000000 		.4byte	.LBB12
 767 0014 72000000 		.4byte	.LBE12
 768 0018 74000000 		.4byte	.LBB16
 769 001c B8000000 		.4byte	.LBE16
 770 0020 00000000 		.4byte	0
 771 0024 00000000 		.4byte	0
 772 0028 72000000 		.4byte	.LBB13
 773 002c 74000000 		.4byte	.LBE13
 774 0030 B8000000 		.4byte	.LBB17
 775 0034 BC000000 		.4byte	.LBE17
 776 0038 00000000 		.4byte	0
 777 003c 00000000 		.4byte	0
 778 0040 00000000 		.4byte	.LFB6
 779 0044 38000000 		.4byte	.LFE6
 780 0048 00000000 		.4byte	.LFB7
 781 004c 3C010000 		.4byte	.LFE7
 782 0050 00000000 		.4byte	0
 783 0054 00000000 		.4byte	0
 784              		.section	.debug_line,"",%progbits
 785              	.Ldebug_line0:
 786 0000 D6000000 		.section	.debug_str,"MS",%progbits,1
 786      02005400 
 786      00000201 
 786      FB0E0D00 
 786      01010101 
 787              	.LASF1:
 788 0000 6C6F6E67 		.ascii	"long long int\000"
 788      206C6F6E 
 788      6720696E 
 788      7400
 789              	.LASF13:
 790 000e 75696E74 		.ascii	"uint32\000"
 790      333200
 791              	.LASF22:
 792 0015 47656E65 		.ascii	"Generated_Source\\PSoC4\\cyfitter_cfg.c\000"
 792      72617465 
 792      645F536F 
 792      75726365 
 792      5C50536F 
 793              	.LASF0:
 794 003b 756E7369 		.ascii	"unsigned int\000"
 794      676E6564 
 794      20696E74 
 794      00
 795              	.LASF12:
 796 0048 75696E74 		.ascii	"uint8\000"
 796      3800
 797              	.LASF8:
 798 004e 6C6F6E67 		.ascii	"long unsigned int\000"
 798      20756E73 
 798      69676E65 
 798      6420696E 
 798      7400
 799              	.LASF20:
 800 0060 63796669 		.ascii	"cyfitter_cfg\000"
 800      74746572 
ARM GAS  C:\Users\zack.li\AppData\Local\Temp\cc97KEZj.s 			page 22


 800      5F636667 
 800      00
 801              	.LASF9:
 802 006d 6C6F6E67 		.ascii	"long long unsigned int\000"
 802      206C6F6E 
 802      6720756E 
 802      7369676E 
 802      65642069 
 803              	.LASF14:
 804 0084 666C6F61 		.ascii	"float\000"
 804      7400
 805              	.LASF19:
 806 008a 53657441 		.ascii	"SetAnalogRoutingPumps\000"
 806      6E616C6F 
 806      67526F75 
 806      74696E67 
 806      50756D70 
 807              	.LASF26:
 808 00a0 43795379 		.ascii	"CySysClkWriteImoFreq\000"
 808      73436C6B 
 808      57726974 
 808      65496D6F 
 808      46726571 
 809              	.LASF4:
 810 00b5 756E7369 		.ascii	"unsigned char\000"
 810      676E6564 
 810      20636861 
 810      7200
 811              	.LASF23:
 812 00c3 443A5C5F 		.ascii	"D:\\_Project\\_MD\\cypress_button\\EZIIC_button.cyd"
 812      50726F6A 
 812      6563745C 
 812      5F4D445C 
 812      63797072 
 813 00f2 736E00   		.ascii	"sn\000"
 814              	.LASF11:
 815 00f5 63686172 		.ascii	"char\000"
 815      00
 816              	.LASF7:
 817 00fa 6C6F6E67 		.ascii	"long int\000"
 817      20696E74 
 817      00
 818              	.LASF17:
 819 0103 416E616C 		.ascii	"AnalogSetDefault\000"
 819      6F675365 
 819      74446566 
 819      61756C74 
 819      00
 820              	.LASF18:
 821 0114 436C6F63 		.ascii	"ClockSetup\000"
 821      6B536574 
 821      757000
 822              	.LASF15:
 823 011f 646F7562 		.ascii	"double\000"
 823      6C6500
 824              	.LASF16:
 825 0126 72656733 		.ascii	"reg32\000"
ARM GAS  C:\Users\zack.li\AppData\Local\Temp\cc97KEZj.s 			page 23


 825      3200
 826              	.LASF6:
 827 012c 73686F72 		.ascii	"short unsigned int\000"
 827      7420756E 
 827      7369676E 
 827      65642069 
 827      6E7400
 828              	.LASF3:
 829 013f 7369676E 		.ascii	"signed char\000"
 829      65642063 
 829      68617200 
 830              	.LASF2:
 831 014b 6C6F6E67 		.ascii	"long double\000"
 831      20646F75 
 831      626C6500 
 832              	.LASF24:
 833 0157 656E6162 		.ascii	"enabled\000"
 833      6C656400 
 834              	.LASF25:
 835 015f 72656756 		.ascii	"regValue\000"
 835      616C7565 
 835      00
 836              	.LASF5:
 837 0168 73686F72 		.ascii	"short int\000"
 837      7420696E 
 837      7400
 838              	.LASF21:
 839 0172 474E5520 		.ascii	"GNU C11 5.4.1 20160609 (release) [ARM/embedded-5-br"
 839      43313120 
 839      352E342E 
 839      31203230 
 839      31363036 
 840 01a5 616E6368 		.ascii	"anch revision 237715] -mcpu=cortex-m0plus -mthumb -"
 840      20726576 
 840      6973696F 
 840      6E203233 
 840      37373135 
 841 01d8 67202D4F 		.ascii	"g -Os -ffunction-sections -ffat-lto-objects\000"
 841      73202D66 
 841      66756E63 
 841      74696F6E 
 841      2D736563 
 842              	.LASF10:
 843 0204 73697A65 		.ascii	"sizetype\000"
 843      74797065 
 843      00
 844              		.ident	"GCC: (GNU Tools for ARM Embedded Processors) 5.4.1 20160609 (release) [ARM/embedded-5-bran
