Archive member included to satisfy reference by file (symbol)

.\CortexM0p\ARM_GCC_541\Debug\EZIIC_wadge.a(EZI2C.o)
                              .\CortexM0p\ARM_GCC_541\Debug\main.o (EZI2C_Start)
.\CortexM0p\ARM_GCC_541\Debug\EZIIC_wadge.a(EZI2C_EZI2C.o)
                              .\CortexM0p\ARM_GCC_541\Debug\EZIIC_wadge.a(EZI2C.o) (EZI2C_EzI2CInit)
.\CortexM0p\ARM_GCC_541\Debug\EZIIC_wadge.a(EZI2C_EZI2C_INT.o)
                              .\CortexM0p\ARM_GCC_541\Debug\EZIIC_wadge.a(EZI2C_EZI2C.o) (EZI2C_EZI2C_STRETCH_ISR)
.\CortexM0p\ARM_GCC_541\Debug\EZIIC_wadge.a(CapSense_Control.o)
                              .\CortexM0p\ARM_GCC_541\Debug\main.o (CapSense_Start)
.\CortexM0p\ARM_GCC_541\Debug\EZIIC_wadge.a(CapSense_Processing.o)
                              .\CortexM0p\ARM_GCC_541\Debug\EZIIC_wadge.a(CapSense_Control.o) (CapSense_DpInitialize)
.\CortexM0p\ARM_GCC_541\Debug\EZIIC_wadge.a(CapSense_Structure.o)
                              .\CortexM0p\ARM_GCC_541\Debug\EZIIC_wadge.a(CapSense_Control.o) (CapSense_DsInitialize)
.\CortexM0p\ARM_GCC_541\Debug\EZIIC_wadge.a(CapSense_Tuner.o)
                              .\CortexM0p\ARM_GCC_541\Debug\main.o (CapSense_TuInitialize)
.\CortexM0p\ARM_GCC_541\Debug\EZIIC_wadge.a(CapSense_Filter.o)
                              .\CortexM0p\ARM_GCC_541\Debug\main.o (CapSense_InitializeAllBaselines)
.\CortexM0p\ARM_GCC_541\Debug\EZIIC_wadge.a(CapSense_Sensing.o)
                              .\CortexM0p\ARM_GCC_541\Debug\main.o (CapSense_IsBusy)
.\CortexM0p\ARM_GCC_541\Debug\EZIIC_wadge.a(CapSense_SensingCSD_LL.o)
                              .\CortexM0p\ARM_GCC_541\Debug\EZIIC_wadge.a(CapSense_Sensing.o) (CapSense_SsCSDSetShieldElectrodesState)
.\CortexM0p\ARM_GCC_541\Debug\EZIIC_wadge.a(CapSense_ISR.o)
                              .\CortexM0p\ARM_GCC_541\Debug\EZIIC_wadge.a(CapSense_Sensing.o) (CapSense_ISR_StartEx)
.\CortexM0p\ARM_GCC_541\Debug\EZIIC_wadge.a(CyLib.o)
                              .\CortexM0p\ARM_GCC_541\Debug\EZIIC_wadge.a(EZI2C.o) (CyIntEnable)
.\CortexM0p\ARM_GCC_541\Debug\EZIIC_wadge.a(CyLFClk.o)
                              .\CortexM0p\ARM_GCC_541\Debug\EZIIC_wadge.a(CyLib.o) (CySysClkWcoEnabled)
.\CortexM0p\ARM_GCC_541\Debug\EZIIC_wadge.a(UART.o)
                              .\CortexM0p\ARM_GCC_541\Debug\main.o (UART_Start)
.\CortexM0p\ARM_GCC_541\Debug\EZIIC_wadge.a(UART_SPI_UART.o)
                              .\CortexM0p\ARM_GCC_541\Debug\main.o (UART_SpiUartPutArray)
.\CortexM0p\ARM_GCC_541\Debug\EZIIC_wadge.a(UART_UART.o)
                              .\CortexM0p\ARM_GCC_541\Debug\EZIIC_wadge.a(UART.o) (UART_UartInit)
.\CortexM0p\ARM_GCC_541\Debug\EZIIC_wadge.a(CAP_INT.o)
                              .\CortexM0p\ARM_GCC_541\Debug\main.o (CAP_INT_Write)
.\CortexM0p\ARM_GCC_541\Debug\EZIIC_wadge.a(CyBootAsmGnu.o)
                              .\CortexM0p\ARM_GCC_541\Debug\EZIIC_wadge.a(CyLib.o) (CyDelayCycles)
.\CortexM0p\ARM_GCC_541\Debug\EZIIC_wadge.a(CapSense_INT.o)
                              .\CortexM0p\ARM_GCC_541\Debug\EZIIC_wadge.a(CapSense_SensingCSD_LL.o) (CapSense_CSDPostSingleScan)
.\CortexM0p\ARM_GCC_541\Debug\EZIIC_wadge.a(CyFlash.o)
                              .\CortexM0p\ARM_GCC_541\Debug\EZIIC_wadge.a(CyLib.o) (CySysFlashSetWaitCycles)
c:/program files (x86)/cypress/psoc creator/4.2/psoc creator/import/gnu/arm/5.4.1/bin/../lib/gcc/arm-none-eabi/5.4.1/armv6-m\libgcc.a(_udivsi3.o)
                              .\CortexM0p\ARM_GCC_541\Debug\EZIIC_wadge.a(CapSense_Sensing.o) (__aeabi_uidiv)
c:/program files (x86)/cypress/psoc creator/4.2/psoc creator/import/gnu/arm/5.4.1/bin/../lib/gcc/arm-none-eabi/5.4.1/armv6-m\libgcc.a(_dvmd_tls.o)
                              c:/program files (x86)/cypress/psoc creator/4.2/psoc creator/import/gnu/arm/5.4.1/bin/../lib/gcc/arm-none-eabi/5.4.1/armv6-m\libgcc.a(_udivsi3.o) (__aeabi_idiv0)
c:/program files (x86)/cypress/psoc creator/4.2/psoc creator/import/gnu/arm/5.4.1/bin/../lib/gcc/arm-none-eabi/5.4.1/../../../../arm-none-eabi/lib/armv6-m\libg_nano.a(lib_a-errno.o)
                              .\CortexM0p\ARM_GCC_541\Debug\Cm0plusStart.o (__errno)
c:/program files (x86)/cypress/psoc creator/4.2/psoc creator/import/gnu/arm/5.4.1/bin/../lib/gcc/arm-none-eabi/5.4.1/../../../../arm-none-eabi/lib/armv6-m\libg_nano.a(lib_a-exit.o)
                              c:/program files (x86)/cypress/psoc creator/4.2/psoc creator/import/gnu/arm/5.4.1/bin/../lib/gcc/arm-none-eabi/5.4.1/../../../../arm-none-eabi/lib/armv6-m/crt0.o (exit)
c:/program files (x86)/cypress/psoc creator/4.2/psoc creator/import/gnu/arm/5.4.1/bin/../lib/gcc/arm-none-eabi/5.4.1/../../../../arm-none-eabi/lib/armv6-m\libg_nano.a(lib_a-impure.o)
                              c:/program files (x86)/cypress/psoc creator/4.2/psoc creator/import/gnu/arm/5.4.1/bin/../lib/gcc/arm-none-eabi/5.4.1/../../../../arm-none-eabi/lib/armv6-m\libg_nano.a(lib_a-exit.o) (_global_impure_ptr)
[...]
Memory Configuration

Name             Origin             Length             Attributes
rom              0x00000000         0x00008000         xr
ram              0x20000000         0x00001000         xrw
*default*        0x00000000         0xffffffff

Linker script and memory map

LOAD c:/program files (x86)/cypress/psoc creator/4.2/psoc creator/import/gnu/arm/5.4.1/bin/../lib/gcc/arm-none-eabi/5.4.1/armv6-m/crti.o
LOAD c:/program files (x86)/cypress/psoc creator/4.2/psoc creator/import/gnu/arm/5.4.1/bin/../lib/gcc/arm-none-eabi/5.4.1/armv6-m/crtbegin.o
LOAD c:/program files (x86)/cypress/psoc creator/4.2/psoc creator/import/gnu/arm/5.4.1/bin/../lib/gcc/arm-none-eabi/5.4.1/../../../../arm-none-eabi/lib/armv6-m/crt0.o
START GROUP
LOAD .\CortexM0p\ARM_GCC_541\Debug\main.o
LOAD .\CortexM0p\ARM_GCC_541\Debug\cyfitter_cfg.o
LOAD .\CortexM0p\ARM_GCC_541\Debug\cymetadata.o
LOAD .\CortexM0p\ARM_GCC_541\Debug\Cm0plusStart.o
LOAD .\CortexM0p\ARM_GCC_541\Debug\EZIIC_wadge.a
LOAD C:\Users\zack.li\Documents\PSoC Creator\4.2\Downloads ( 4.2).cylib\CapSense_P4_v7_0\PSoC4\Library\Capsense_P4Library_GCCp.a
END GROUP
START GROUP
LOAD c:/program files (x86)/cypress/psoc creator/4.2/psoc creator/import/gnu/arm/5.4.1/bin/../lib/gcc/arm-none-eabi/5.4.1/armv6-m\libgcc.a
LOAD c:/program files (x86)/cypress/psoc creator/4.2/psoc creator/import/gnu/arm/5.4.1/bin/../lib/gcc/arm-none-eabi/5.4.1/../../../../arm-none-eabi/lib/armv6-m\libg_nano.a
LOAD c:/program files (x86)/cypress/psoc creator/4.2/psoc creator/import/gnu/arm/5.4.1/bin/../lib/gcc/arm-none-eabi/5.4.1/../../../../arm-none-eabi/lib/armv6-m\libc_nano.a
END GROUP
START GROUP
LOAD c:/program files (x86)/cypress/psoc creator/4.2/psoc creator/import/gnu/arm/5.4.1/bin/../lib/gcc/arm-none-eabi/5.4.1/armv6-m\libgcc.a
LOAD c:/program files (x86)/cypress/psoc creator/4.2/psoc creator/import/gnu/arm/5.4.1/bin/../lib/gcc/arm-none-eabi/5.4.1/../../../../arm-none-eabi/lib/armv6-m\libc_nano.a
END GROUP
LOAD c:/program files (x86)/cypress/psoc creator/4.2/psoc creator/import/gnu/arm/5.4.1/bin/../lib/gcc/arm-none-eabi/5.4.1/armv6-m/crtend.o
LOAD c:/program files (x86)/cypress/psoc creator/4.2/psoc creator/import/gnu/arm/5.4.1/bin/../lib/gcc/arm-none-eabi/5.4.1/armv6-m/crtn.o
START GROUP
LOAD c:/program files (x86)/cypress/psoc creator/4.2/psoc creator/import/gnu/arm/5.4.1/bin/../lib/gcc/arm-none-eabi/5.4.1/armv6-m\libgcc.a
LOAD c:/program files (x86)/cypress/psoc creator/4.2/psoc creator/import/gnu/arm/5.4.1/bin/../lib/gcc/arm-none-eabi/5.4.1/../../../../arm-none-eabi/lib/armv6-m\libc.a
LOAD c:/program files (x86)/cypress/psoc creator/4.2/psoc creator/import/gnu/arm/5.4.1/bin/../lib/gcc/arm-none-eabi/5.4.1/../../../../arm-none-eabi/lib/armv6-m\libnosys.a
END GROUP
                0x00000000                CY_APPL_ORIGIN = 0x0
                0x00000080                CY_FLASH_ROW_SIZE = 0x80
                0x00000001                CY_APPL_NUM = 0x1
                0x00000001                CY_APPL_MAX = 0x1
                0x00000040                CY_METADATA_SIZE = 0x40
                0x00000000                CY_APPL_LOADABLE = 0x0
                0x00000000                CY_CHECKSUM_EXCLUDE_SIZE = ALIGN (0x0, CY_FLASH_ROW_SIZE)
                0x00000000                CY_APP_FOR_STACK_AND_COPIER = 0x0
                [!provide]                PROVIDE (__cy_heap_start, _end)
                0x00000001                PROVIDE (__cy_region_num, ((__cy_regions_end - __cy_regions) / 0x10))
                0x20001000                PROVIDE (__cy_stack, (ORIGIN (ram) + LENGTH (ram)))
                [!provide]                PROVIDE (__cy_heap_end, (__cy_stack - 0x400))

.cybootloader   0x00000000        0x0
 *(.cybootloader)
                0x00000000                appl1_start = CY_APPL_ORIGIN?CY_APPL_ORIGIN:ALIGN (CY_FLASH_ROW_SIZE)
                0x00003f80                appl2_start = (appl1_start + ALIGN ((((LENGTH (rom) - appl1_start) - (0x2 * CY_FLASH_ROW_SIZE)) / 0x2), CY_FLASH_ROW_SIZE))
                0x00000000                appl_start = (CY_APPL_NUM == 0x1)?appl1_start:appl2_start
                0x00000001                cy_project_type_bootloader = (appl_start == 0x0)?0x1:0x0
                0x00000000                cy_project_type_app_for_stack_and_copier = (CY_APP_FOR_STACK_AND_COPIER == 0x1)?0x1:0x0

.text           0x00000000     0x2986
 CREATE_OBJECT_SYMBOLS
                0x00000000                PROVIDE (__cy_interrupt_vector, RomVectors)
 *(.romvectors)
 .romvectors    0x00000000       0x10 .\CortexM0p\ARM_GCC_541\Debug\Cm0plusStart.o
                0x00000000                RomVectors
                0x00000001                ASSERT ((. != __cy_interrupt_vector), No interrupt vector)
                0x00000001                ASSERT (CY_APPL_ORIGIN?(SIZEOF (.cybootloader) <= CY_APPL_ORIGIN):0x1, Wrong image location)
                0x00000010                PROVIDE (__cy_reset, Reset)
 *(.text.Reset)
 .text.Reset    0x00000010        0xc .\CortexM0p\ARM_GCC_541\Debug\Cm0plusStart.o
                0x00000010                Reset
                0x00000001                ASSERT ((. != __cy_reset), No reset code)
 *(.psocinit)
 .psocinit      0x0000001c      0x120 .\CortexM0p\ARM_GCC_541\Debug\cyfitter_cfg.o
                0x000000a0                cyfitter_cfg
                0x0000013c                . = MAX (., 0x100)
 *(.text .text.* .gnu.linkonce.t.*)
 .text          0x0000013c       0x60 c:/program files (x86)/cypress/psoc creator/4.2/psoc creator/import/gnu/arm/5.4.1/bin/../lib/gcc/arm-none-eabi/5.4.1/armv6-m/crtbegin.o
 .text.Init_I2C_Communication
                0x0000019c       0x24 .\CortexM0p\ARM_GCC_541\Debug\main.o
 .text.ProcessCapsenseEvent
                0x000001c0       0x88 .\CortexM0p\ARM_GCC_541\Debug\main.o
                0x000001c0                ProcessCapsenseEvent
 .text.main     0x00000248       0x60 .\CortexM0p\ARM_GCC_541\Debug\main.o
                0x00000248                main
 .text.SetAnalogRoutingPumps
                0x000002a8       0x38 .\CortexM0p\ARM_GCC_541\Debug\cyfitter_cfg.o
                0x000002a8                SetAnalogRoutingPumps
 .text.AnalogSetDefault
                0x000002e0        0xc .\CortexM0p\ARM_GCC_541\Debug\cyfitter_cfg.o
 .text.IntDefaultHandler
                0x000002ec       0x10 .\CortexM0p\ARM_GCC_541\Debug\Cm0plusStart.o
                0x000002ec                IntDefaultHandler
 .text.Start_c  0x000002fc       0x48 .\CortexM0p\ARM_GCC_541\Debug\Cm0plusStart.o
                0x000002fc                Start_c
 .text.initialize_psoc
                0x00000344       0x40 .\CortexM0p\ARM_GCC_541\Debug\Cm0plusStart.o
                0x00000344                initialize_psoc
 .text.EZI2C_ScbEnableIntr
                0x00000384        0xc .\CortexM0p\ARM_GCC_541\Debug\EZIIC_wadge.a(EZI2C.o)
 .text.EZI2C_Init
                0x00000390        0x8 .\CortexM0p\ARM_GCC_541\Debug\EZIIC_wadge.a(EZI2C.o)
                0x00000390                EZI2C_Init
 .text.EZI2C_Enable
                0x00000398       0x18 .\CortexM0p\ARM_GCC_541\Debug\EZIIC_wadge.a(EZI2C.o)
                0x00000398                EZI2C_Enable
 .text.EZI2C_Start
                0x000003b0       0x20 .\CortexM0p\ARM_GCC_541\Debug\EZIIC_wadge.a(EZI2C.o)
                0x000003b0                EZI2C_Start
 .text.EZI2C_EzI2CInit
                0x000003d0       0xc0 .\CortexM0p\ARM_GCC_541\Debug\EZIIC_wadge.a(EZI2C_EZI2C.o)
                0x000003d0                EZI2C_EzI2CInit
 .text.EZI2C_EzI2CSetBuffer1
                0x00000490       0x30 .\CortexM0p\ARM_GCC_541\Debug\EZIIC_wadge.a(EZI2C_EZI2C.o)
                0x00000490                EZI2C_EzI2CSetBuffer1
 .text.EZI2C_EZI2C_STRETCH_ISR
                0x000004c0      0x32c .\CortexM0p\ARM_GCC_541\Debug\EZIIC_wadge.a(EZI2C_EZI2C_INT.o)
                0x000004c0                EZI2C_EZI2C_STRETCH_ISR
 .text.CapSense_Initialize
                0x000007ec       0x28 .\CortexM0p\ARM_GCC_541\Debug\EZIIC_wadge.a(CapSense_Control.o)
                0x000007ec                CapSense_Initialize
 .text.CapSense_Start
                0x00000814       0x48 .\CortexM0p\ARM_GCC_541\Debug\EZIIC_wadge.a(CapSense_Control.o)
                0x00000814                CapSense_Start
 .text.CapSense_ProcessAllWidgets
                0x0000085c       0x44 .\CortexM0p\ARM_GCC_541\Debug\EZIIC_wadge.a(CapSense_Control.o)
                0x0000085c                CapSense_ProcessAllWidgets
 .text.CapSense_DpInitialize
                0x000008a0       0x70 .\CortexM0p\ARM_GCC_541\Debug\EZIIC_wadge.a(CapSense_Processing.o)
                0x000008a0                CapSense_DpInitialize
 .text.CapSense_DpUpdateDifferences
                0x00000910       0x18 .\CortexM0p\ARM_GCC_541\Debug\EZIIC_wadge.a(CapSense_Processing.o)
                0x00000910                CapSense_DpUpdateDifferences
 .text.CapSense_DpProcessCsdWidgetRawCounts
                0x00000928       0x6c .\CortexM0p\ARM_GCC_541\Debug\EZIIC_wadge.a(CapSense_Processing.o)
                0x00000928                CapSense_DpProcessCsdWidgetRawCounts
 .text.CapSense_DpProcessButton
                0x00000994       0x64 .\CortexM0p\ARM_GCC_541\Debug\EZIIC_wadge.a(CapSense_Processing.o)
                0x00000994                CapSense_DpProcessButton
 .text.CapSense_DpProcessProximity
                0x000009f8       0x88 .\CortexM0p\ARM_GCC_541\Debug\EZIIC_wadge.a(CapSense_Processing.o)
                0x000009f8                CapSense_DpProcessProximity
 .text.CapSense_DpProcessCsdWidgetStatus
                0x00000a80       0x68 .\CortexM0p\ARM_GCC_541\Debug\EZIIC_wadge.a(CapSense_Processing.o)
                0x00000a80                CapSense_DpProcessCsdWidgetStatus
 .text.CapSense_DsInitialize
                0x00000ae8       0x7c .\CortexM0p\ARM_GCC_541\Debug\EZIIC_wadge.a(CapSense_Structure.o)
                0x00000ae8                CapSense_DsInitialize
 .text.CapSense_IsAnyWidgetActive
                0x00000b64       0x20 .\CortexM0p\ARM_GCC_541\Debug\EZIIC_wadge.a(CapSense_Structure.o)
                0x00000b64                CapSense_IsAnyWidgetActive
 .text.CapSense_TuInitialize
                0x00000b84       0x14 .\CortexM0p\ARM_GCC_541\Debug\EZIIC_wadge.a(CapSense_Tuner.o)
                0x00000b84                CapSense_TuInitialize
 .text.CapSense_RunTuner
                0x00000b98      0x118 .\CortexM0p\ARM_GCC_541\Debug\EZIIC_wadge.a(CapSense_Tuner.o)
                0x00000b98                CapSense_RunTuner
 .text.CapSense_FtInitializeBaselineChannel
                0x00000cb0       0x28 .\CortexM0p\ARM_GCC_541\Debug\EZIIC_wadge.a(CapSense_Filter.o)
                0x00000cb0                CapSense_FtInitializeBaselineChannel
 .text.CapSense_FtInitializeBaseline
                0x00000cd8       0x20 .\CortexM0p\ARM_GCC_541\Debug\EZIIC_wadge.a(CapSense_Filter.o)
                0x00000cd8                CapSense_FtInitializeBaseline
 .text.CapSense_InitializeSensorBaseline
                0x00000cf8       0x2c .\CortexM0p\ARM_GCC_541\Debug\EZIIC_wadge.a(CapSense_Filter.o)
                0x00000cf8                CapSense_InitializeSensorBaseline
 .text.CapSense_InitializeWidgetBaseline
                0x00000d24       0x28 .\CortexM0p\ARM_GCC_541\Debug\EZIIC_wadge.a(CapSense_Filter.o)
                0x00000d24                CapSense_InitializeWidgetBaseline
 .text.CapSense_InitializeAllBaselines
                0x00000d4c       0x18 .\CortexM0p\ARM_GCC_541\Debug\EZIIC_wadge.a(CapSense_Filter.o)
                0x00000d4c                CapSense_InitializeAllBaselines
 .text.CapSense_InitializeIIRInternal
                0x00000d64       0x30 .\CortexM0p\ARM_GCC_541\Debug\EZIIC_wadge.a(CapSense_Filter.o)
                0x00000d64                CapSense_InitializeIIRInternal
 .text.CapSense_InitializeMedianInternal
                0x00000d94       0x3c .\CortexM0p\ARM_GCC_541\Debug\EZIIC_wadge.a(CapSense_Filter.o)
                0x00000d94                CapSense_InitializeMedianInternal
 .text.CapSense_InitializeAverageInternal
                0x00000dd0       0x44 .\CortexM0p\ARM_GCC_541\Debug\EZIIC_wadge.a(CapSense_Filter.o)
                0x00000dd0                CapSense_InitializeAverageInternal
 .text.CapSense_InitializeWidgetFilter
                0x00000e14       0x78 .\CortexM0p\ARM_GCC_541\Debug\EZIIC_wadge.a(CapSense_Filter.o)
                0x00000e14                CapSense_InitializeWidgetFilter
 .text.CapSense_InitializeAllFilters
                0x00000e8c       0x18 .\CortexM0p\ARM_GCC_541\Debug\EZIIC_wadge.a(CapSense_Filter.o)
                0x00000e8c                CapSense_InitializeAllFilters
 .text.CapSense_FtInitialize
                0x00000ea4        0x8 .\CortexM0p\ARM_GCC_541\Debug\EZIIC_wadge.a(CapSense_Filter.o)
                0x00000ea4                CapSense_FtInitialize
 .text.CapSense_RunAverageInternal
                0x00000eac       0x70 .\CortexM0p\ARM_GCC_541\Debug\EZIIC_wadge.a(CapSense_Filter.o)
                0x00000eac                CapSense_RunAverageInternal
 .text.CapSense_FtMedian
                0x00000f1c       0x18 .\CortexM0p\ARM_GCC_541\Debug\EZIIC_wadge.a(CapSense_Filter.o)
                0x00000f1c                CapSense_FtMedian
 .text.CapSense_RunMedianInternal
                0x00000f34       0x7c .\CortexM0p\ARM_GCC_541\Debug\EZIIC_wadge.a(CapSense_Filter.o)
                0x00000f34                CapSense_RunMedianInternal
 .text.CapSense_FtIIR1stOrder
                0x00000fb0       0x14 .\CortexM0p\ARM_GCC_541\Debug\EZIIC_wadge.a(CapSense_Filter.o)
                0x00000fb0                CapSense_FtIIR1stOrder
 .text.CapSense_FtUpdateBaseline
                0x00000fc4       0xc0 .\CortexM0p\ARM_GCC_541\Debug\EZIIC_wadge.a(CapSense_Filter.o)
                0x00000fc4                CapSense_FtUpdateBaseline
 .text.CapSense_RunIIRInternal
                0x00001084       0x64 .\CortexM0p\ARM_GCC_541\Debug\EZIIC_wadge.a(CapSense_Filter.o)
                0x00001084                CapSense_RunIIRInternal
 .text.CapSense_FtRunEnabledFiltersInternal
                0x000010e8       0x24 .\CortexM0p\ARM_GCC_541\Debug\EZIIC_wadge.a(CapSense_Filter.o)
                0x000010e8                CapSense_FtRunEnabledFiltersInternal
 .text.CapSense_SsCalcLfsrSize
                0x0000110c       0x84 .\CortexM0p\ARM_GCC_541\Debug\EZIIC_wadge.a(CapSense_Sensing.o)
 .text.CapSense_SsCalcLfsrScale
                0x00001190       0x44 .\CortexM0p\ARM_GCC_541\Debug\EZIIC_wadge.a(CapSense_Sensing.o)
 .text.CapSense_IsBusy
                0x000011d4       0x10 .\CortexM0p\ARM_GCC_541\Debug\EZIIC_wadge.a(CapSense_Sensing.o)
                0x000011d4                CapSense_IsBusy
 .text.CapSense_SetupWidget
                0x000011e4       0x40 .\CortexM0p\ARM_GCC_541\Debug\EZIIC_wadge.a(CapSense_Sensing.o)
                0x000011e4                CapSense_SetupWidget
 .text.CapSense_Scan
                0x00001224       0x2c .\CortexM0p\ARM_GCC_541\Debug\EZIIC_wadge.a(CapSense_Sensing.o)
                0x00001224                CapSense_Scan
 .text.CapSense_ScanAllWidgets
                0x00001250       0x48 .\CortexM0p\ARM_GCC_541\Debug\EZIIC_wadge.a(CapSense_Sensing.o)
                0x00001250                CapSense_ScanAllWidgets
 .text.CapSense_SsSetAllIOsState
                0x00001298       0x8c .\CortexM0p\ARM_GCC_541\Debug\EZIIC_wadge.a(CapSense_Sensing.o)
                0x00001298                CapSense_SsSetAllIOsState
 .text.CapSense_SsPostAllWidgetsScan
                0x00001324       0x78 .\CortexM0p\ARM_GCC_541\Debug\EZIIC_wadge.a(CapSense_Sensing.o)
                0x00001324                CapSense_SsPostAllWidgetsScan
 .text.CapSense_SsSetModClkClockDivider
                0x0000139c       0x30 .\CortexM0p\ARM_GCC_541\Debug\EZIIC_wadge.a(CapSense_Sensing.o)
                0x0000139c                CapSense_SsSetModClkClockDivider
 .text.CapSense_CalibrateWidget
                0x000013cc       0x1c .\CortexM0p\ARM_GCC_541\Debug\EZIIC_wadge.a(CapSense_Sensing.o)
                0x000013cc                CapSense_CalibrateWidget
 .text.CapSense_CalibrateAllWidgets
                0x000013e8       0x1c .\CortexM0p\ARM_GCC_541\Debug\EZIIC_wadge.a(CapSense_Sensing.o)
                0x000013e8                CapSense_CalibrateAllWidgets
 .text.CapSense_SsCSDGetColSnsClkDivider
                0x00001404       0x14 .\CortexM0p\ARM_GCC_541\Debug\EZIIC_wadge.a(CapSense_Sensing.o)
                0x00001404                CapSense_SsCSDGetColSnsClkDivider
 .text.CapSense_SsCSDCalcPrsSize
                0x00001418       0x24 .\CortexM0p\ARM_GCC_541\Debug\EZIIC_wadge.a(CapSense_Sensing.o)
                0x00001418                CapSense_SsCSDCalcPrsSize
 .text.CapSense_SsSetWidgetSenseClkSrc
                0x0000143c       0x3c .\CortexM0p\ARM_GCC_541\Debug\EZIIC_wadge.a(CapSense_Sensing.o)
 .text.CapSense_SsInitializeSourceSenseClk
                0x00001478       0x24 .\CortexM0p\ARM_GCC_541\Debug\EZIIC_wadge.a(CapSense_Sensing.o)
                0x00001478                CapSense_SsInitializeSourceSenseClk
 .text.CapSense_DischargeExtCapacitors
                0x0000149c       0xc0 .\CortexM0p\ARM_GCC_541\Debug\EZIIC_wadge.a(CapSense_Sensing.o)
                0x0000149c                CapSense_DischargeExtCapacitors
 .text.CapSense_WriteBitsSafe
                0x0000155c       0x1c .\CortexM0p\ARM_GCC_541\Debug\EZIIC_wadge.a(CapSense_Sensing.o)
                0x0000155c                CapSense_WriteBitsSafe
 .text.CapSense_SsCSDDisableMode
                0x00001578       0x28 .\CortexM0p\ARM_GCC_541\Debug\EZIIC_wadge.a(CapSense_Sensing.o)
 .text.CapSense_SsSwitchSensingMode
                0x000015a0       0x3c .\CortexM0p\ARM_GCC_541\Debug\EZIIC_wadge.a(CapSense_Sensing.o)
                0x000015a0                CapSense_SsSwitchSensingMode
 .text.CapSense_SsInitialize
                0x000015dc       0x28 .\CortexM0p\ARM_GCC_541\Debug\EZIIC_wadge.a(CapSense_Sensing.o)
                0x000015dc                CapSense_SsInitialize
 .text.CapSense_SsSetShieldDelay
                0x00001604       0x18 .\CortexM0p\ARM_GCC_541\Debug\EZIIC_wadge.a(CapSense_SensingCSD_LL.o)
 .text.CapSense_SsCSDSetModeSnsClockDivider
                0x0000161c       0x10 .\CortexM0p\ARM_GCC_541\Debug\EZIIC_wadge.a(CapSense_SensingCSD_LL.o)
 .text.CapSense_SsCSDSetFilterDelay
                0x0000162c       0x54 .\CortexM0p\ARM_GCC_541\Debug\EZIIC_wadge.a(CapSense_SensingCSD_LL.o)
 .text.CapSense_SsCSDConfigIDACs
                0x00001680       0x1c .\CortexM0p\ARM_GCC_541\Debug\EZIIC_wadge.a(CapSense_SensingCSD_LL.o)
 .text.CapSense_SsCSDCalibrateCheck
                0x0000169c       0xa0 .\CortexM0p\ARM_GCC_541\Debug\EZIIC_wadge.a(CapSense_SensingCSD_LL.o)
 .text.CapSense_SsCSDSwitchIdacGain
                0x0000173c       0x9c .\CortexM0p\ARM_GCC_541\Debug\EZIIC_wadge.a(CapSense_SensingCSD_LL.o)
 .text.CapSense_SsCSDNormalizeIdac
                0x000017d8       0xcc .\CortexM0p\ARM_GCC_541\Debug\EZIIC_wadge.a(CapSense_SensingCSD_LL.o)
 .text.CapSense_SsCSDSetShieldElectrodesState
                0x000018a4       0x90 .\CortexM0p\ARM_GCC_541\Debug\EZIIC_wadge.a(CapSense_SensingCSD_LL.o)
                0x000018a4                CapSense_SsCSDSetShieldElectrodesState
 .text.CapSense_SsCSDEnableShieldElectrodes
                0x00001934        0xc .\CortexM0p\ARM_GCC_541\Debug\EZIIC_wadge.a(CapSense_SensingCSD_LL.o)
                0x00001934                CapSense_SsCSDEnableShieldElectrodes
 .text.CapSense_SsCSDDisableShieldElectrodes
                0x00001940        0xc .\CortexM0p\ARM_GCC_541\Debug\EZIIC_wadge.a(CapSense_SensingCSD_LL.o)
                0x00001940                CapSense_SsCSDDisableShieldElectrodes
 .text.CapSense_SsCSDInitialize
                0x0000194c      0x16c .\CortexM0p\ARM_GCC_541\Debug\EZIIC_wadge.a(CapSense_SensingCSD_LL.o)
                0x0000194c                CapSense_SsCSDInitialize
 .text.CapSense_SsCSDSetUpIdacs
                0x00001ab8       0x60 .\CortexM0p\ARM_GCC_541\Debug\EZIIC_wadge.a(CapSense_SensingCSD_LL.o)
                0x00001ab8                CapSense_SsCSDSetUpIdacs
 .text.CapSense_SsCSDGetNumberOfConversions
                0x00001b18       0x2c .\CortexM0p\ARM_GCC_541\Debug\EZIIC_wadge.a(CapSense_SensingCSD_LL.o)
                0x00001b18                CapSense_SsCSDGetNumberOfConversions
 .text.CapSense_SsCSDConfigClock
                0x00001b44       0x44 .\CortexM0p\ARM_GCC_541\Debug\EZIIC_wadge.a(CapSense_SensingCSD_LL.o)
                0x00001b44                CapSense_SsCSDConfigClock
 .text.CapSense_SsCSDCalculateScanDuration
                0x00001b88       0x1c .\CortexM0p\ARM_GCC_541\Debug\EZIIC_wadge.a(CapSense_SensingCSD_LL.o)
                0x00001b88                CapSense_SsCSDCalculateScanDuration
 .text.CapSense_SsCSDStartSample
                0x00001ba4       0xf8 .\CortexM0p\ARM_GCC_541\Debug\EZIIC_wadge.a(CapSense_SensingCSD_LL.o)
                0x00001ba4                CapSense_SsCSDStartSample
 .text.CapSense_CSDScanExt
                0x00001c9c       0x20 .\CortexM0p\ARM_GCC_541\Debug\EZIIC_wadge.a(CapSense_SensingCSD_LL.o)
                0x00001c9c                CapSense_CSDScanExt
 .text.CapSense_CSDConnectSns
                0x00001cbc       0x34 .\CortexM0p\ARM_GCC_541\Debug\EZIIC_wadge.a(CapSense_SensingCSD_LL.o)
                0x00001cbc                CapSense_CSDConnectSns
 .text.CapSense_CSDScan
                0x00001cf0       0xa8 .\CortexM0p\ARM_GCC_541\Debug\EZIIC_wadge.a(CapSense_SensingCSD_LL.o)
                0x00001cf0                CapSense_CSDScan
 .text.CapSense_SsCSDConnectSensorExt
                0x00001d98       0x28 .\CortexM0p\ARM_GCC_541\Debug\EZIIC_wadge.a(CapSense_SensingCSD_LL.o)
                0x00001d98                CapSense_SsCSDConnectSensorExt
 .text.CapSense_CSDDisconnectSns
                0x00001dc0       0x64 .\CortexM0p\ARM_GCC_541\Debug\EZIIC_wadge.a(CapSense_SensingCSD_LL.o)
                0x00001dc0                CapSense_CSDDisconnectSns
 .text.CapSense_SsCSDElectrodeCheck
                0x00001e24       0x24 .\CortexM0p\ARM_GCC_541\Debug\EZIIC_wadge.a(CapSense_SensingCSD_LL.o)
                0x00001e24                CapSense_SsCSDElectrodeCheck
 .text.CapSense_CSDSetupWidget
                0x00001e48       0x5c .\CortexM0p\ARM_GCC_541\Debug\EZIIC_wadge.a(CapSense_SensingCSD_LL.o)
                0x00001e48                CapSense_CSDSetupWidget
 .text.CapSense_CSDSetupWidgetExt
                0x00001ea4       0x70 .\CortexM0p\ARM_GCC_541\Debug\EZIIC_wadge.a(CapSense_SensingCSD_LL.o)
                0x00001ea4                CapSense_CSDSetupWidgetExt
 .text.CapSense_SsCSDCalibrate
                0x00001f14      0x16c .\CortexM0p\ARM_GCC_541\Debug\EZIIC_wadge.a(CapSense_SensingCSD_LL.o)
 .text.CapSense_CSDCalibrateWidget
                0x00002080       0x78 .\CortexM0p\ARM_GCC_541\Debug\EZIIC_wadge.a(CapSense_SensingCSD_LL.o)
                0x00002080                CapSense_CSDCalibrateWidget
 .text.CapSense_ISR_SetVector
                0x000020f8        0xc .\CortexM0p\ARM_GCC_541\Debug\EZIIC_wadge.a(CapSense_ISR.o)
                0x000020f8                CapSense_ISR_SetVector
 .text.CapSense_ISR_SetPriority
                0x00002104       0x24 .\CortexM0p\ARM_GCC_541\Debug\EZIIC_wadge.a(CapSense_ISR.o)
                0x00002104                CapSense_ISR_SetPriority
 .text.CapSense_ISR_Enable
                0x00002128       0x10 .\CortexM0p\ARM_GCC_541\Debug\EZIIC_wadge.a(CapSense_ISR.o)
                0x00002128                CapSense_ISR_Enable
 .text.CapSense_ISR_Disable
                0x00002138       0x10 .\CortexM0p\ARM_GCC_541\Debug\EZIIC_wadge.a(CapSense_ISR.o)
                0x00002138                CapSense_ISR_Disable
 .text.CapSense_ISR_StartEx
                0x00002148       0x1c .\CortexM0p\ARM_GCC_541\Debug\EZIIC_wadge.a(CapSense_ISR.o)
                0x00002148                CapSense_ISR_StartEx
 .text.CySysClkImoDisableWcoLock
                0x00002164       0x4c .\CortexM0p\ARM_GCC_541\Debug\EZIIC_wadge.a(CyLib.o)
                0x00002164                CySysClkImoDisableWcoLock
 .text.CySysClkImoGetWcoLock
                0x000021b0       0x14 .\CortexM0p\ARM_GCC_541\Debug\EZIIC_wadge.a(CyLib.o)
                0x000021b0                CySysClkImoGetWcoLock
 .text.CyIntEnable
                0x000021c4       0x14 .\CortexM0p\ARM_GCC_541\Debug\EZIIC_wadge.a(CyLib.o)
                0x000021c4                CyIntEnable
 .text.CyIntDisable
                0x000021d8       0x14 .\CortexM0p\ARM_GCC_541\Debug\EZIIC_wadge.a(CyLib.o)
                0x000021d8                CyIntDisable
 .text.CyIntClearPending
                0x000021ec       0x14 .\CortexM0p\ARM_GCC_541\Debug\EZIIC_wadge.a(CyLib.o)
                0x000021ec                CyIntClearPending
 .text.CyHalt   0x00002200        0x4 .\CortexM0p\ARM_GCC_541\Debug\EZIIC_wadge.a(CyLib.o)
                0x00002200                CyHalt
 .text.CyIntSetVector
                0x00002204       0x24 .\CortexM0p\ARM_GCC_541\Debug\EZIIC_wadge.a(CyLib.o)
                0x00002204                CyIntSetVector
 .text.CyIntSetPriority
                0x00002228       0x4c .\CortexM0p\ARM_GCC_541\Debug\EZIIC_wadge.a(CyLib.o)
                0x00002228                CyIntSetPriority
 .text.CyDelay  0x00002274       0x30 .\CortexM0p\ARM_GCC_541\Debug\EZIIC_wadge.a(CyLib.o)
                0x00002274                CyDelay
 .text.CySysClkImoEnableWcoLock
                0x000022a4       0xd0 .\CortexM0p\ARM_GCC_541\Debug\EZIIC_wadge.a(CyLib.o)
                0x000022a4                CySysClkImoEnableWcoLock
 .text.CySysClkWriteImoFreq
                0x00002374       0xd8 .\CortexM0p\ARM_GCC_541\Debug\EZIIC_wadge.a(CyLib.o)
                0x00002374                CySysClkWriteImoFreq
 .text.CyDelayUs
                0x0000244c       0x14 .\CortexM0p\ARM_GCC_541\Debug\EZIIC_wadge.a(CyLib.o)
                0x0000244c                CyDelayUs
 .text.CySysClkWcoEnabled
                0x00002460       0x14 .\CortexM0p\ARM_GCC_541\Debug\EZIIC_wadge.a(CyLFClk.o)
                0x00002460                CySysClkWcoEnabled
 .text.CySysWdtDisable
                0x00002474       0x10 .\CortexM0p\ARM_GCC_541\Debug\EZIIC_wadge.a(CyLFClk.o)
                0x00002474                CySysWdtDisable
 .text.UART_ScbModePostEnable
                0x00002484        0x8 .\CortexM0p\ARM_GCC_541\Debug\EZIIC_wadge.a(UART.o)
 .text.UART_Init
                0x0000248c        0x8 .\CortexM0p\ARM_GCC_541\Debug\EZIIC_wadge.a(UART.o)
                0x0000248c                UART_Init
 .text.UART_Enable
                0x00002494       0x18 .\CortexM0p\ARM_GCC_541\Debug\EZIIC_wadge.a(UART.o)
                0x00002494                UART_Enable
 .text.UART_Start
                0x000024ac       0x20 .\CortexM0p\ARM_GCC_541\Debug\EZIIC_wadge.a(UART.o)
                0x000024ac                UART_Start
 .text.UART_SpiUartWriteTxData
                0x000024cc       0x1c .\CortexM0p\ARM_GCC_541\Debug\EZIIC_wadge.a(UART_SPI_UART.o)
                0x000024cc                UART_SpiUartWriteTxData
 .text.UART_SpiUartPutArray
                0x000024e8       0x18 .\CortexM0p\ARM_GCC_541\Debug\EZIIC_wadge.a(UART_SPI_UART.o)
                0x000024e8                UART_SpiUartPutArray
 .text.UART_UartInit
                0x00002500       0xa8 .\CortexM0p\ARM_GCC_541\Debug\EZIIC_wadge.a(UART_UART.o)
                0x00002500                UART_UartInit
 .text.UART_UartPostEnable
                0x000025a8       0x2c .\CortexM0p\ARM_GCC_541\Debug\EZIIC_wadge.a(UART_UART.o)
                0x000025a8                UART_UartPostEnable
 .text.CAP_INT_Write
                0x000025d4       0x18 .\CortexM0p\ARM_GCC_541\Debug\EZIIC_wadge.a(CAP_INT.o)
                0x000025d4                CAP_INT_Write
 *fill*         0x000025ec        0x4 
 .text          0x000025f0       0x20 .\CortexM0p\ARM_GCC_541\Debug\EZIIC_wadge.a(CyBootAsmGnu.o)
                0x000025f0                CyDelayCycles
                0x00002602                CyEnterCriticalSection
                0x0000260a                CyExitCriticalSection
 .text.CapSense_SsCSDPostScan
                0x00002610       0x60 .\CortexM0p\ARM_GCC_541\Debug\EZIIC_wadge.a(CapSense_INT.o)
 .text.CapSense_SsCSDInitNextScan
                0x00002670       0xbc .\CortexM0p\ARM_GCC_541\Debug\EZIIC_wadge.a(CapSense_INT.o)
 .text.CapSense_CSDPostSingleScan
                0x0000272c       0x2c .\CortexM0p\ARM_GCC_541\Debug\EZIIC_wadge.a(CapSense_INT.o)
                0x0000272c                CapSense_CSDPostSingleScan
 .text.CapSense_CSDPostMultiScan
                0x00002758       0x48 .\CortexM0p\ARM_GCC_541\Debug\EZIIC_wadge.a(CapSense_INT.o)
                0x00002758                CapSense_CSDPostMultiScan
 .text.CySysFlashSetWaitCycles
                0x000027a0       0x54 .\CortexM0p\ARM_GCC_541\Debug\EZIIC_wadge.a(CyFlash.o)
                0x000027a0                CySysFlashSetWaitCycles
 .text          0x000027f4      0x114 c:/program files (x86)/cypress/psoc creator/4.2/psoc creator/import/gnu/arm/5.4.1/bin/../lib/gcc/arm-none-eabi/5.4.1/armv6-m\libgcc.a(_udivsi3.o)
                0x000027f4                __aeabi_uidiv
                0x000027f4                __udivsi3
                0x00002900                __aeabi_uidivmod
 .text          0x00002908        0x4 c:/program files (x86)/cypress/psoc creator/4.2/psoc creator/import/gnu/arm/5.4.1/bin/../lib/gcc/arm-none-eabi/5.4.1/armv6-m\libgcc.a(_dvmd_tls.o)
                0x00002908                __aeabi_idiv0
                0x00002908                __aeabi_ldiv0
 .text.__errno  0x0000290c        0xc c:/program files (x86)/cypress/psoc creator/4.2/psoc creator/import/gnu/arm/5.4.1/bin/../lib/gcc/arm-none-eabi/5.4.1/../../../../arm-none-eabi/lib/armv6-m\libg_nano.a(lib_a-errno.o)
                0x0000290c                __errno
 .text.__libc_init_array
                0x00002918       0x4c c:/program files (x86)/cypress/psoc creator/4.2/psoc creator/import/gnu/arm/5.4.1/bin/../lib/gcc/arm-none-eabi/5.4.1/../../../../arm-none-eabi/lib/armv6-m\libg_nano.a(lib_a-init.o)
                0x00002918                __libc_init_array
 .text.memcpy   0x00002964       0x12 c:/program files (x86)/cypress/psoc creator/4.2/psoc creator/import/gnu/arm/5.4.1/bin/../lib/gcc/arm-none-eabi/5.4.1/../../../../arm-none-eabi/lib/armv6-m\libg_nano.a(lib_a-memcpy-stub.o)
                0x00002964                memcpy
 .text.memset   0x00002976       0x10 c:/program files (x86)/cypress/psoc creator/4.2/psoc creator/import/gnu/arm/5.4.1/bin/../lib/gcc/arm-none-eabi/5.4.1/../../../../arm-none-eabi/lib/armv6-m\libg_nano.a(lib_a-memset.o)
                0x00002976                memset
 *(.plt)
 *(.gnu.warning)
 *(.glue_7t)
 .glue_7t       0x00002986        0x0 linker stubs
 *(.glue_7)
 .glue_7        0x00002986        0x0 linker stubs
 *(.vfp11_veneer)
 .vfp11_veneer  0x00002986        0x0 linker stubs
 *(.bootloader)
 *(.ARM.extab* .gnu.linkonce.armextab.*)
 *(.gcc_except_table)

.v4_bx          0x00002988        0x0
 .v4_bx         0x00002988        0x0 linker stubs

.iplt           0x00002988        0x0
 .iplt          0x00002988        0x0 c:/program files (x86)/cypress/psoc creator/4.2/psoc creator/import/gnu/arm/5.4.1/bin/../lib/gcc/arm-none-eabi/5.4.1/armv6-m/crtbegin.o

.eh_frame_hdr
 *(.eh_frame_hdr)

.eh_frame       0x00002988        0x4
 *(.eh_frame)
 .eh_frame      0x00002988        0x0 c:/program files (x86)/cypress/psoc creator/4.2/psoc creator/import/gnu/arm/5.4.1/bin/../lib/gcc/arm-none-eabi/5.4.1/armv6-m/crtbegin.o
 .eh_frame      0x00002988        0x4 c:/program files (x86)/cypress/psoc creator/4.2/psoc creator/import/gnu/arm/5.4.1/bin/../lib/gcc/arm-none-eabi/5.4.1/armv6-m/crtend.o
                [!provide]                PROVIDE (__exidx_start, .)

.ARM.exidx
 *(.ARM.exidx* .gnu.linkonce.armexidx.*)
                0x0000298c                __exidx_end = .

.rodata         0x0000298c      0x324
 *(.rodata .rodata.* .gnu.linkonce.r.*)
 .rodata        0x0000298c       0xcb .\CortexM0p\ARM_GCC_541\Debug\main.o
 *fill*         0x00002a57        0x1 
 .rodata        0x00002a58      0x1d0 .\CortexM0p\ARM_GCC_541\Debug\EZIIC_wadge.a(CapSense_Structure.o)
                0x00002a58                CapSense_ramIdacInit
                0x00002a60                CapSense_dsFlash
                0x00002b08                CapSense_ramWidgetInit
                0x00002b6c                CapSense_shieldIoList
                0x00002b80                CapSense_ioList
 .rodata        0x00002c28       0x1c .\CortexM0p\ARM_GCC_541\Debug\EZIIC_wadge.a(CapSense_Tuner.o)
 .rodata        0x00002c44       0x31 .\CortexM0p\ARM_GCC_541\Debug\EZIIC_wadge.a(CapSense_Sensing.o)
                0x00002c44                CapSense_idacGainTable
                0x00002c74                CapSense_scanFreqIndex
 .rodata.str1.1
                0x00002c75        0x2 c:/program files (x86)/cypress/psoc creator/4.2/psoc creator/import/gnu/arm/5.4.1/bin/../lib/gcc/arm-none-eabi/5.4.1/../../../../arm-none-eabi/lib/armv6-m\libg_nano.a(lib_a-impure.o)
                0x00002c78                . = ALIGN (0x4)
 *fill*         0x00002c77        0x1 
 *(.init)
 .init          0x00002c78        0x4 c:/program files (x86)/cypress/psoc creator/4.2/psoc creator/import/gnu/arm/5.4.1/bin/../lib/gcc/arm-none-eabi/5.4.1/armv6-m/crti.o
                0x00002c78                _init
 .init          0x00002c7c        0x8 c:/program files (x86)/cypress/psoc creator/4.2/psoc creator/import/gnu/arm/5.4.1/bin/../lib/gcc/arm-none-eabi/5.4.1/armv6-m/crtn.o
                0x00002c84                . = ALIGN (0x4)
                0x00002c84                __preinit_array_start = .
 *(.preinit_array)
                0x00002c84                __preinit_array_end = .
                0x00002c84                . = ALIGN (0x4)
                0x00002c84                __init_array_start = .
 *(SORT(.init_array.*))
 *(.init_array)
 .init_array    0x00002c84        0x4 c:/program files (x86)/cypress/psoc creator/4.2/psoc creator/import/gnu/arm/5.4.1/bin/../lib/gcc/arm-none-eabi/5.4.1/armv6-m/crtbegin.o
 .init_array    0x00002c88        0x4 .\CortexM0p\ARM_GCC_541\Debug\Cm0plusStart.o
                0x00002c8c                __init_array_end = .
                0x00002c8c                . = ALIGN (0x4)
 *(.fini)
 .fini          0x00002c8c        0x4 c:/program files (x86)/cypress/psoc creator/4.2/psoc creator/import/gnu/arm/5.4.1/bin/../lib/gcc/arm-none-eabi/5.4.1/armv6-m/crti.o
                0x00002c8c                _fini
 .fini          0x00002c90        0x8 c:/program files (x86)/cypress/psoc creator/4.2/psoc creator/import/gnu/arm/5.4.1/bin/../lib/gcc/arm-none-eabi/5.4.1/armv6-m/crtn.o
                0x00002c98                . = ALIGN (0x4)
                0x00002c98                __fini_array_start = .
 *(.fini_array)
 .fini_array    0x00002c98        0x4 c:/program files (x86)/cypress/psoc creator/4.2/psoc creator/import/gnu/arm/5.4.1/bin/../lib/gcc/arm-none-eabi/5.4.1/armv6-m/crtbegin.o
 *(SORT(.fini_array.*))
                0x00002c9c                __fini_array_end = .
                0x00002c9c                . = ALIGN (0x4)
 *crtbegin.o(.ctors)
 *(EXCLUDE_FILE(*crtend.o) .ctors)
 *(SORT(.ctors.*))
 *crtend.o(.ctors)
                0x00002c9c                . = ALIGN (0x4)
 *crtbegin.o(.dtors)
 *(EXCLUDE_FILE(*crtend.o) .dtors)
 *(SORT(.dtors.*))
 *crtend.o(.dtors)
                0x00002c9c                . = ALIGN (0x4)
                0x00002c9c                __cy_regions = .
                0x00002c9c        0x4 LONG 0x2cb0 __cy_region_init_ram
                0x00002ca0        0x4 LONG 0x20000080 __cy_region_start_data
                0x00002ca4        0x4 LONG 0x80 __cy_region_init_size_ram
                0x00002ca8        0x4 LONG 0x198 __cy_region_zero_size_ram
                0x00002cac                __cy_regions_end = .
                0x00002cb0                . = ALIGN (0x8)
 *fill*         0x00002cac        0x4 
                0x00002cb0                _etext = .

.cy_checksum_exclude
                0x00002cb0        0x0
 *(.cy_checksum_exclude)

.ramvectors     0x20000000       0x80
                0x20000000                __cy_region_start_ram = .
 *(.ramvectors)
 .ramvectors    0x20000000       0x80 .\CortexM0p\ARM_GCC_541\Debug\Cm0plusStart.o
                0x20000000                CyRamVectors

.noinit
 *(.noinit)

.data           0x20000080       0x80 load address 0x00002cb0
                0x20000080                __cy_region_start_data = .
 *(.jcr)
 .jcr           0x20000080        0x0 c:/program files (x86)/cypress/psoc creator/4.2/psoc creator/import/gnu/arm/5.4.1/bin/../lib/gcc/arm-none-eabi/5.4.1/armv6-m/crtbegin.o
 .jcr           0x20000080        0x4 c:/program files (x86)/cypress/psoc creator/4.2/psoc creator/import/gnu/arm/5.4.1/bin/../lib/gcc/arm-none-eabi/5.4.1/armv6-m/crtend.o
 *(.got.plt)
 *(.got)
 *(.shdata)
 *(.data .data.* .gnu.linkonce.d.*)
 .data          0x20000084        0x4 .\CortexM0p\ARM_GCC_541\Debug\EZIIC_wadge.a(CapSense_SensingCSD_LL.o)
                0x20000084                CapSense_configCsd
 .data          0x20000088       0x14 .\CortexM0p\ARM_GCC_541\Debug\EZIIC_wadge.a(CyLib.o)
                0x20000088                CySysClkPumpConfig
                0x2000008c                cydelay32kMs
                0x20000090                cydelayFreqKhz
                0x20000094                cydelayFreqMhz
                0x20000098                cydelayFreqHz
 .data.impure_data
                0x2000009c       0x60 c:/program files (x86)/cypress/psoc creator/4.2/psoc creator/import/gnu/arm/5.4.1/bin/../lib/gcc/arm-none-eabi/5.4.1/../../../../arm-none-eabi/lib/armv6-m\libg_nano.a(lib_a-impure.o)
 .data._impure_ptr
                0x200000fc        0x4 c:/program files (x86)/cypress/psoc creator/4.2/psoc creator/import/gnu/arm/5.4.1/bin/../lib/gcc/arm-none-eabi/5.4.1/../../../../arm-none-eabi/lib/armv6-m\libg_nano.a(lib_a-impure.o)
                0x200000fc                _impure_ptr
                0x20000100                . = ALIGN (0x8)
 *(.ram)
                0x20000100                _edata = .

.igot.plt       0x20000100        0x0 load address 0x00002d30
 .igot.plt      0x20000100        0x0 c:/program files (x86)/cypress/psoc creator/4.2/psoc creator/import/gnu/arm/5.4.1/bin/../lib/gcc/arm-none-eabi/5.4.1/armv6-m/crtbegin.o

.bss            0x20000100      0x198 load address 0x00002d30
                0x20000100                PROVIDE (__bss_start__, .)
 *(.shbss)
 *(.bss .bss.* .gnu.linkonce.b.*)
 .bss           0x20000100       0x1c c:/program files (x86)/cypress/psoc creator/4.2/psoc creator/import/gnu/arm/5.4.1/bin/../lib/gcc/arm-none-eabi/5.4.1/armv6-m/crtbegin.o
 .bss           0x2000011c        0x2 .\CortexM0p\ARM_GCC_541\Debug\main.o
                0x2000011c                CapSense_status
                0x2000011d                send_status
 *fill*         0x2000011e        0x2 
 .bss           0x20000120        0x8 .\CortexM0p\ARM_GCC_541\Debug\EZIIC_wadge.a(EZI2C.o)
                0x20000120                EZI2C_initVar
                0x20000124                EZI2C_customIntrHandler
 .bss           0x20000128        0x2 .\CortexM0p\ARM_GCC_541\Debug\EZIIC_wadge.a(EZI2C_EZI2C_INT.o)
 .bss           0x2000012a        0x1 .\CortexM0p\ARM_GCC_541\Debug\EZIIC_wadge.a(CapSense_Control.o)
 *fill*         0x2000012b        0x1 
 .bss           0x2000012c       0x5d .\CortexM0p\ARM_GCC_541\Debug\EZIIC_wadge.a(CapSense_Structure.o)
 *fill*         0x20000189        0x3 
 .bss           0x2000018c        0x4 .\CortexM0p\ARM_GCC_541\Debug\EZIIC_wadge.a(CapSense_Tuner.o)
 .bss           0x20000190        0x4 .\CortexM0p\ARM_GCC_541\Debug\EZIIC_wadge.a(CapSense_Sensing.o)
                0x20000190                CapSense_currentSenseMethod
                0x20000191                CapSense_requestScanAllWidget
                0x20000192                CapSense_widgetIndex
                0x20000193                CapSense_sensorIndex
 .bss           0x20000194        0x1 .\CortexM0p\ARM_GCC_541\Debug\EZIIC_wadge.a(CapSense_SensingCSD_LL.o)
 *fill*         0x20000195        0x1 
 .bss           0x20000196        0x4 .\CortexM0p\ARM_GCC_541\Debug\EZIIC_wadge.a(UART.o)
                0x20000196                UART_initVar
                0x20000198                UART_IntrTxMask
 *(COMMON)
 *fill*         0x2000019a        0x2 
 COMMON         0x2000019c       0x11 .\CortexM0p\ARM_GCC_541\Debug\main.o
                0x2000019c                i2c
 *fill*         0x200001ad        0x3 
 COMMON         0x200001b0       0x12 .\CortexM0p\ARM_GCC_541\Debug\EZIIC_wadge.a(EZI2C_EZI2C.o)
                0x200001b0                EZI2C_offsetBuf1
                0x200001b2                EZI2C_indexBuf1
                0x200001b4                EZI2C_fsmState
                0x200001b6                EZI2C_protectBuf1
                0x200001b8                EZI2C_curStatus
                0x200001bc                EZI2C_dataBuffer1
                0x200001c0                EZI2C_bufSizeBuf1
 *fill*         0x200001c2        0x2 
 COMMON         0x200001c4       0xc8 .\CortexM0p\ARM_GCC_541\Debug\EZIIC_wadge.a(CapSense_Structure.o)
                0x200001c4                CapSense_dsRam
 COMMON         0x2000028c        0x8 .\CortexM0p\ARM_GCC_541\Debug\EZIIC_wadge.a(CapSense_Sensing.o)
                0x2000028c                CapSense_curRamSnsPtr
                0x20000290                CapSense_curSnsIOPtr
                0x20000298                . = ALIGN (0x8)
 *fill*         0x20000294        0x4 
 *(.ram.b)
                0x20000298                _end = .
                0x20000298                __end = .
                0x20000298                PROVIDE (end, .)
                0x20000298                PROVIDE (__bss_end__, .)
                0x00002cb0                __cy_region_init_ram = LOADADDR (.data)
                0x00000080                __cy_region_init_size_ram = (_edata - ADDR (.data))
                0x00000198                __cy_region_zero_size_ram = (_end - _edata)

.heap           0x20000298       0x80 load address 0x00002d30
                0x20000298                . = _end
                0x20000318                . = (. + 0x80)
 *fill*         0x20000298       0x80 
                0x20000318                __cy_heap_limit = .

.stack          0x20000c00      0x400
                0x20000c00                __cy_stack_limit = .
                0x20001000                . = (. + 0x400)
 *fill*         0x20000c00      0x400 
                0x00000001                ASSERT ((__cy_stack_limit >= __cy_heap_limit), region RAM overflowed with stack)
                0x00000000                cy_checksum_exclude_size = (CY_APPL_LOADABLE == 0x1)?SIZEOF (.cy_checksum_exclude):0x0
                0x00000001                ASSERT ((cy_checksum_exclude_size <= CY_CHECKSUM_EXCLUDE_SIZE), CY_BOOT: Section .cy_checksum_exclude size exceedes specified limit.)
                0x00007fc0                cyloadermeta_start = (cy_project_type_bootloader || cy_project_type_app_for_stack_and_copier)?(LENGTH (rom) - CY_METADATA_SIZE):0xf0000000

.cyloadermeta
 *(.cyloadermeta)
                0x00007fc0                cyloadablemeta_start = cy_project_type_app_for_stack_and_copier?((LENGTH (rom) - CY_FLASH_ROW_SIZE) - CY_METADATA_SIZE):((LENGTH (rom) - (CY_FLASH_ROW_SIZE * (CY_APPL_NUM - 0x1))) - CY_METADATA_SIZE)

.cyloadablemeta
 *(.cyloadablemeta)

.cyflashprotect
                0x90400000       0x20
 *(.cyflashprotect)
 .cyflashprotect
                0x90400000       0x20 .\CortexM0p\ARM_GCC_541\Debug\cymetadata.o
                0x90400000                cy_meta_flashprotect

.cymeta         0x90500000        0xc
 *(.cymeta)
 .cymeta        0x90500000        0xc .\CortexM0p\ARM_GCC_541\Debug\cymetadata.o
                0x90500000                cy_metadata

.cychipprotect  0x90600000        0x1
 *(.cychipprotect)
 .cychipprotect
                0x90600000        0x1 .\CortexM0p\ARM_GCC_541\Debug\cymetadata.o
                0x90600000                cy_meta_chipprotect

.rel.dyn        0x00002d30        0x0 load address 0x90600004
 .rel.iplt      0x00002d30        0x0 c:/program files (x86)/cypress/psoc creator/4.2/psoc creator/import/gnu/arm/5.4.1/bin/../lib/gcc/arm-none-eabi/5.4.1/armv6-m/crtbegin.o

.stab
 *(.stab)

.stabstr
 *(.stabstr)

.debug
 *(.debug)

.line
 *(.line)

.debug_srcinfo
 *(.debug_srcinfo)

.debug_sfnames
 *(.debug_sfnames)

.debug_aranges  0x00000000      0xac8
 *(.debug_aranges)
 .debug_aranges
                0x00000000       0x38 .\CortexM0p\ARM_GCC_541\Debug\main.o
 .debug_aranges
                0x00000038       0x38 .\CortexM0p\ARM_GCC_541\Debug\cyfitter_cfg.o
 .debug_aranges
                0x00000070       0x18 .\CortexM0p\ARM_GCC_541\Debug\cymetadata.o
 .debug_aranges
                0x00000088       0x48 .\CortexM0p\ARM_GCC_541\Debug\Cm0plusStart.o
 .debug_aranges
                0x000000d0       0x60 .\CortexM0p\ARM_GCC_541\Debug\EZIIC_wadge.a(EZI2C.o)
 .debug_aranges
                0x00000130       0x50 .\CortexM0p\ARM_GCC_541\Debug\EZIIC_wadge.a(EZI2C_EZI2C.o)
 .debug_aranges
                0x00000180       0x20 .\CortexM0p\ARM_GCC_541\Debug\EZIIC_wadge.a(EZI2C_EZI2C_INT.o)
 .debug_aranges
                0x000001a0       0x68 .\CortexM0p\ARM_GCC_541\Debug\EZIIC_wadge.a(CapSense_Control.o)
 .debug_aranges
                0x00000208       0x50 .\CortexM0p\ARM_GCC_541\Debug\EZIIC_wadge.a(CapSense_Processing.o)
 .debug_aranges
                0x00000258       0x58 .\CortexM0p\ARM_GCC_541\Debug\EZIIC_wadge.a(CapSense_Structure.o)
 .debug_aranges
                0x000002b0       0x28 .\CortexM0p\ARM_GCC_541\Debug\EZIIC_wadge.a(CapSense_Tuner.o)
 .debug_aranges
                0x000002d8       0xf8 .\CortexM0p\ARM_GCC_541\Debug\EZIIC_wadge.a(CapSense_Filter.o)
 .debug_aranges
                0x000003d0       0xf0 .\CortexM0p\ARM_GCC_541\Debug\EZIIC_wadge.a(CapSense_Sensing.o)
 .debug_aranges
                0x000004c0       0xf0 .\CortexM0p\ARM_GCC_541\Debug\EZIIC_wadge.a(CapSense_SensingCSD_LL.o)
 .debug_aranges
                0x000005b0       0x80 .\CortexM0p\ARM_GCC_541\Debug\EZIIC_wadge.a(CapSense_ISR.o)
 .debug_aranges
                0x00000630      0x190 .\CortexM0p\ARM_GCC_541\Debug\EZIIC_wadge.a(CyLib.o)
 .debug_aranges
                0x000007c0       0xd8 .\CortexM0p\ARM_GCC_541\Debug\EZIIC_wadge.a(CyLFClk.o)
 .debug_aranges
                0x00000898       0x58 .\CortexM0p\ARM_GCC_541\Debug\EZIIC_wadge.a(UART.o)
 .debug_aranges
                0x000008f0       0x60 .\CortexM0p\ARM_GCC_541\Debug\EZIIC_wadge.a(UART_SPI_UART.o)
 .debug_aranges
                0x00000950       0x90 .\CortexM0p\ARM_GCC_541\Debug\EZIIC_wadge.a(UART_UART.o)
 .debug_aranges
                0x000009e0       0x48 .\CortexM0p\ARM_GCC_541\Debug\EZIIC_wadge.a(CAP_INT.o)
 .debug_aranges
                0x00000a28       0x20 .\CortexM0p\ARM_GCC_541\Debug\EZIIC_wadge.a(CyBootAsmGnu.o)
 .debug_aranges
                0x00000a48       0x38 .\CortexM0p\ARM_GCC_541\Debug\EZIIC_wadge.a(CapSense_INT.o)
 .debug_aranges
                0x00000a80       0x48 .\CortexM0p\ARM_GCC_541\Debug\EZIIC_wadge.a(CyFlash.o)

.debug_pubnames
 *(.debug_pubnames)

.debug_info     0x00000000     0xa6ce
 *(.debug_info .gnu.linkonce.wi.*)
 .debug_info    0x00000000      0x819 .\CortexM0p\ARM_GCC_541\Debug\main.o
 .debug_info    0x00000819      0x168 .\CortexM0p\ARM_GCC_541\Debug\cyfitter_cfg.o
 .debug_info    0x00000981       0xf8 .\CortexM0p\ARM_GCC_541\Debug\cymetadata.o
 .debug_info    0x00000a79      0x3a5 .\CortexM0p\ARM_GCC_541\Debug\Cm0plusStart.o
 .debug_info    0x00000e1e      0x298 .\CortexM0p\ARM_GCC_541\Debug\EZIIC_wadge.a(EZI2C.o)
 .debug_info    0x000010b6      0x319 .\CortexM0p\ARM_GCC_541\Debug\EZIIC_wadge.a(EZI2C_EZI2C.o)
 .debug_info    0x000013cf      0x1e4 .\CortexM0p\ARM_GCC_541\Debug\EZIIC_wadge.a(EZI2C_EZI2C_INT.o)
 .debug_info    0x000015b3      0xbbb .\CortexM0p\ARM_GCC_541\Debug\EZIIC_wadge.a(CapSense_Control.o)
 .debug_info    0x0000216e      0xcd0 .\CortexM0p\ARM_GCC_541\Debug\EZIIC_wadge.a(CapSense_Processing.o)
 .debug_info    0x00002e3e      0xe39 .\CortexM0p\ARM_GCC_541\Debug\EZIIC_wadge.a(CapSense_Structure.o)
 .debug_info    0x00003c77      0x725 .\CortexM0p\ARM_GCC_541\Debug\EZIIC_wadge.a(CapSense_Tuner.o)
 .debug_info    0x0000439c     0x107b .\CortexM0p\ARM_GCC_541\Debug\EZIIC_wadge.a(CapSense_Filter.o)
 .debug_info    0x00005417     0x134b .\CortexM0p\ARM_GCC_541\Debug\EZIIC_wadge.a(CapSense_Sensing.o)
 .debug_info    0x00006762     0x157b .\CortexM0p\ARM_GCC_541\Debug\EZIIC_wadge.a(CapSense_SensingCSD_LL.o)
 .debug_info    0x00007cdd      0x305 .\CortexM0p\ARM_GCC_541\Debug\EZIIC_wadge.a(CapSense_ISR.o)
 .debug_info    0x00007fe2      0xbcd .\CortexM0p\ARM_GCC_541\Debug\EZIIC_wadge.a(CyLib.o)
 .debug_info    0x00008baf      0x444 .\CortexM0p\ARM_GCC_541\Debug\EZIIC_wadge.a(CyLFClk.o)
 .debug_info    0x00008ff3      0x23a .\CortexM0p\ARM_GCC_541\Debug\EZIIC_wadge.a(UART.o)
 .debug_info    0x0000922d      0x220 .\CortexM0p\ARM_GCC_541\Debug\EZIIC_wadge.a(UART_SPI_UART.o)
 .debug_info    0x0000944d      0x3b5 .\CortexM0p\ARM_GCC_541\Debug\EZIIC_wadge.a(UART_UART.o)
 .debug_info    0x00009802      0x19d .\CortexM0p\ARM_GCC_541\Debug\EZIIC_wadge.a(CAP_INT.o)
 .debug_info    0x0000999f       0xa2 .\CortexM0p\ARM_GCC_541\Debug\EZIIC_wadge.a(CyBootAsmGnu.o)
 .debug_info    0x00009a41      0x876 .\CortexM0p\ARM_GCC_541\Debug\EZIIC_wadge.a(CapSense_INT.o)
 .debug_info    0x0000a2b7      0x417 .\CortexM0p\ARM_GCC_541\Debug\EZIIC_wadge.a(CyFlash.o)

.debug_abbrev   0x00000000     0x2301
 *(.debug_abbrev)
 .debug_abbrev  0x00000000      0x1e4 .\CortexM0p\ARM_GCC_541\Debug\main.o
 .debug_abbrev  0x000001e4       0xdb .\CortexM0p\ARM_GCC_541\Debug\cyfitter_cfg.o
 .debug_abbrev  0x000002bf       0x5d .\CortexM0p\ARM_GCC_541\Debug\cymetadata.o
 .debug_abbrev  0x0000031c      0x1d0 .\CortexM0p\ARM_GCC_541\Debug\Cm0plusStart.o
 .debug_abbrev  0x000004ec      0x118 .\CortexM0p\ARM_GCC_541\Debug\EZIIC_wadge.a(EZI2C.o)
 .debug_abbrev  0x00000604      0x13a .\CortexM0p\ARM_GCC_541\Debug\EZIIC_wadge.a(EZI2C_EZI2C.o)
 .debug_abbrev  0x0000073e       0xbf .\CortexM0p\ARM_GCC_541\Debug\EZIIC_wadge.a(EZI2C_EZI2C_INT.o)
 .debug_abbrev  0x000007fd      0x218 .\CortexM0p\ARM_GCC_541\Debug\EZIIC_wadge.a(CapSense_Control.o)
 .debug_abbrev  0x00000a15      0x1d1 .\CortexM0p\ARM_GCC_541\Debug\EZIIC_wadge.a(CapSense_Processing.o)
 .debug_abbrev  0x00000be6      0x210 .\CortexM0p\ARM_GCC_541\Debug\EZIIC_wadge.a(CapSense_Structure.o)
 .debug_abbrev  0x00000df6      0x166 .\CortexM0p\ARM_GCC_541\Debug\EZIIC_wadge.a(CapSense_Tuner.o)
 .debug_abbrev  0x00000f5c      0x252 .\CortexM0p\ARM_GCC_541\Debug\EZIIC_wadge.a(CapSense_Filter.o)
 .debug_abbrev  0x000011ae      0x21f .\CortexM0p\ARM_GCC_541\Debug\EZIIC_wadge.a(CapSense_Sensing.o)
 .debug_abbrev  0x000013cd      0x2a1 .\CortexM0p\ARM_GCC_541\Debug\EZIIC_wadge.a(CapSense_SensingCSD_LL.o)
 .debug_abbrev  0x0000166e      0x19a .\CortexM0p\ARM_GCC_541\Debug\EZIIC_wadge.a(CapSense_ISR.o)
 .debug_abbrev  0x00001808      0x202 .\CortexM0p\ARM_GCC_541\Debug\EZIIC_wadge.a(CyLib.o)
 .debug_abbrev  0x00001a0a      0x1af .\CortexM0p\ARM_GCC_541\Debug\EZIIC_wadge.a(CyLFClk.o)
 .debug_abbrev  0x00001bb9       0xd5 .\CortexM0p\ARM_GCC_541\Debug\EZIIC_wadge.a(UART.o)
 .debug_abbrev  0x00001c8e      0x14f .\CortexM0p\ARM_GCC_541\Debug\EZIIC_wadge.a(UART_SPI_UART.o)
 .debug_abbrev  0x00001ddd      0x132 .\CortexM0p\ARM_GCC_541\Debug\EZIIC_wadge.a(UART_UART.o)
 .debug_abbrev  0x00001f0f       0xc8 .\CortexM0p\ARM_GCC_541\Debug\EZIIC_wadge.a(CAP_INT.o)
 .debug_abbrev  0x00001fd7       0x14 .\CortexM0p\ARM_GCC_541\Debug\EZIIC_wadge.a(CyBootAsmGnu.o)
 .debug_abbrev  0x00001feb      0x178 .\CortexM0p\ARM_GCC_541\Debug\EZIIC_wadge.a(CapSense_INT.o)
 .debug_abbrev  0x00002163      0x19e .\CortexM0p\ARM_GCC_541\Debug\EZIIC_wadge.a(CyFlash.o)

.debug_line     0x00000000     0x32fb
 *(.debug_line)
 .debug_line    0x00000000      0x29a .\CortexM0p\ARM_GCC_541\Debug\main.o
 .debug_line    0x0000029a       0xbf .\CortexM0p\ARM_GCC_541\Debug\cyfitter_cfg.o
 .debug_line    0x00000359      0x141 .\CortexM0p\ARM_GCC_541\Debug\cymetadata.o
 .debug_line    0x0000049a      0x247 .\CortexM0p\ARM_GCC_541\Debug\Cm0plusStart.o
 .debug_line    0x000006e1      0x128 .\CortexM0p\ARM_GCC_541\Debug\EZIIC_wadge.a(EZI2C.o)
 .debug_line    0x00000809      0x103 .\CortexM0p\ARM_GCC_541\Debug\EZIIC_wadge.a(EZI2C_EZI2C.o)
 .debug_line    0x0000090c      0x137 .\CortexM0p\ARM_GCC_541\Debug\EZIIC_wadge.a(EZI2C_EZI2C_INT.o)
 .debug_line    0x00000a43      0x22d .\CortexM0p\ARM_GCC_541\Debug\EZIIC_wadge.a(CapSense_Control.o)
 .debug_line    0x00000c70      0x35e .\CortexM0p\ARM_GCC_541\Debug\EZIIC_wadge.a(CapSense_Processing.o)
 .debug_line    0x00000fce      0x1ed .\CortexM0p\ARM_GCC_541\Debug\EZIIC_wadge.a(CapSense_Structure.o)
 .debug_line    0x000011bb      0x11c .\CortexM0p\ARM_GCC_541\Debug\EZIIC_wadge.a(CapSense_Tuner.o)
 .debug_line    0x000012d7      0x3f2 .\CortexM0p\ARM_GCC_541\Debug\EZIIC_wadge.a(CapSense_Filter.o)
 .debug_line    0x000016c9      0x5c8 .\CortexM0p\ARM_GCC_541\Debug\EZIIC_wadge.a(CapSense_Sensing.o)
 .debug_line    0x00001c91      0x581 .\CortexM0p\ARM_GCC_541\Debug\EZIIC_wadge.a(CapSense_SensingCSD_LL.o)
 .debug_line    0x00002212      0x158 .\CortexM0p\ARM_GCC_541\Debug\EZIIC_wadge.a(CapSense_ISR.o)
 .debug_line    0x0000236a      0x4dc .\CortexM0p\ARM_GCC_541\Debug\EZIIC_wadge.a(CyLib.o)
 .debug_line    0x00002846      0x284 .\CortexM0p\ARM_GCC_541\Debug\EZIIC_wadge.a(CyLFClk.o)
 .debug_line    0x00002aca      0x108 .\CortexM0p\ARM_GCC_541\Debug\EZIIC_wadge.a(UART.o)
 .debug_line    0x00002bd2      0x11a .\CortexM0p\ARM_GCC_541\Debug\EZIIC_wadge.a(UART_SPI_UART.o)
 .debug_line    0x00002cec      0x1cf .\CortexM0p\ARM_GCC_541\Debug\EZIIC_wadge.a(UART_UART.o)
 .debug_line    0x00002ebb       0xbf .\CortexM0p\ARM_GCC_541\Debug\EZIIC_wadge.a(CAP_INT.o)
 .debug_line    0x00002f7a       0x68 .\CortexM0p\ARM_GCC_541\Debug\EZIIC_wadge.a(CyBootAsmGnu.o)
 .debug_line    0x00002fe2      0x138 .\CortexM0p\ARM_GCC_541\Debug\EZIIC_wadge.a(CapSense_INT.o)
 .debug_line    0x0000311a      0x1e1 .\CortexM0p\ARM_GCC_541\Debug\EZIIC_wadge.a(CyFlash.o)

.debug_frame    0x00000000     0x1d18
 *(.debug_frame)
 .debug_frame   0x00000000       0x74 .\CortexM0p\ARM_GCC_541\Debug\main.o
 .debug_frame   0x00000074       0x74 .\CortexM0p\ARM_GCC_541\Debug\cyfitter_cfg.o
 .debug_frame   0x000000e8       0xbc .\CortexM0p\ARM_GCC_541\Debug\Cm0plusStart.o
 .debug_frame   0x000001a4       0xe8 .\CortexM0p\ARM_GCC_541\Debug\EZIIC_wadge.a(EZI2C.o)
 .debug_frame   0x0000028c       0xa8 .\CortexM0p\ARM_GCC_541\Debug\EZIIC_wadge.a(EZI2C_EZI2C.o)
 .debug_frame   0x00000334       0x30 .\CortexM0p\ARM_GCC_541\Debug\EZIIC_wadge.a(EZI2C_EZI2C_INT.o)
 .debug_frame   0x00000364      0x130 .\CortexM0p\ARM_GCC_541\Debug\EZIIC_wadge.a(CapSense_Control.o)
 .debug_frame   0x00000494      0x110 .\CortexM0p\ARM_GCC_541\Debug\EZIIC_wadge.a(CapSense_Processing.o)
 .debug_frame   0x000005a4       0xd0 .\CortexM0p\ARM_GCC_541\Debug\EZIIC_wadge.a(CapSense_Structure.o)
 .debug_frame   0x00000674       0x40 .\CortexM0p\ARM_GCC_541\Debug\EZIIC_wadge.a(CapSense_Tuner.o)
 .debug_frame   0x000006b4      0x390 .\CortexM0p\ARM_GCC_541\Debug\EZIIC_wadge.a(CapSense_Filter.o)
 .debug_frame   0x00000a44      0x310 .\CortexM0p\ARM_GCC_541\Debug\EZIIC_wadge.a(CapSense_Sensing.o)
 .debug_frame   0x00000d54      0x388 .\CortexM0p\ARM_GCC_541\Debug\EZIIC_wadge.a(CapSense_SensingCSD_LL.o)
 .debug_frame   0x000010dc      0x110 .\CortexM0p\ARM_GCC_541\Debug\EZIIC_wadge.a(CapSense_ISR.o)
 .debug_frame   0x000011ec      0x418 .\CortexM0p\ARM_GCC_541\Debug\EZIIC_wadge.a(CyLib.o)
 .debug_frame   0x00001604      0x1dc .\CortexM0p\ARM_GCC_541\Debug\EZIIC_wadge.a(CyLFClk.o)
 .debug_frame   0x000017e0       0xd8 .\CortexM0p\ARM_GCC_541\Debug\EZIIC_wadge.a(UART.o)
 .debug_frame   0x000018b8       0xb0 .\CortexM0p\ARM_GCC_541\Debug\EZIIC_wadge.a(UART_SPI_UART.o)
 .debug_frame   0x00001968      0x144 .\CortexM0p\ARM_GCC_541\Debug\EZIIC_wadge.a(UART_UART.o)
 .debug_frame   0x00001aac       0x70 .\CortexM0p\ARM_GCC_541\Debug\EZIIC_wadge.a(CAP_INT.o)
 .debug_frame   0x00001b1c       0x78 .\CortexM0p\ARM_GCC_541\Debug\EZIIC_wadge.a(CapSense_INT.o)
 .debug_frame   0x00001b94       0xa8 .\CortexM0p\ARM_GCC_541\Debug\EZIIC_wadge.a(CyFlash.o)
 .debug_frame   0x00001c3c       0x20 c:/program files (x86)/cypress/psoc creator/4.2/psoc creator/import/gnu/arm/5.4.1/bin/../lib/gcc/arm-none-eabi/5.4.1/armv6-m\libgcc.a(_udivsi3.o)
 .debug_frame   0x00001c5c       0x20 c:/program files (x86)/cypress/psoc creator/4.2/psoc creator/import/gnu/arm/5.4.1/bin/../lib/gcc/arm-none-eabi/5.4.1/../../../../arm-none-eabi/lib/armv6-m\libg_nano.a(lib_a-errno.o)
 .debug_frame   0x00001c7c       0x28 c:/program files (x86)/cypress/psoc creator/4.2/psoc creator/import/gnu/arm/5.4.1/bin/../lib/gcc/arm-none-eabi/5.4.1/../../../../arm-none-eabi/lib/armv6-m\libg_nano.a(lib_a-exit.o)
 .debug_frame   0x00001ca4       0x2c c:/program files (x86)/cypress/psoc creator/4.2/psoc creator/import/gnu/arm/5.4.1/bin/../lib/gcc/arm-none-eabi/5.4.1/../../../../arm-none-eabi/lib/armv6-m\libg_nano.a(lib_a-init.o)
 .debug_frame   0x00001cd0       0x28 c:/program files (x86)/cypress/psoc creator/4.2/psoc creator/import/gnu/arm/5.4.1/bin/../lib/gcc/arm-none-eabi/5.4.1/../../../../arm-none-eabi/lib/armv6-m\libg_nano.a(lib_a-memcpy-stub.o)
 .debug_frame   0x00001cf8       0x20 c:/program files (x86)/cypress/psoc creator/4.2/psoc creator/import/gnu/arm/5.4.1/bin/../lib/gcc/arm-none-eabi/5.4.1/../../../../arm-none-eabi/lib/armv6-m\libg_nano.a(lib_a-memset.o)

.debug_str      0x00000000     0x3347
 *(.debug_str)
 .debug_str     0x00000000      0x5c1 .\CortexM0p\ARM_GCC_541\Debug\main.o
                                0x618 (size before relaxing)
 .debug_str     0x000005c1       0x91 .\CortexM0p\ARM_GCC_541\Debug\cyfitter_cfg.o
                                0x22f (size before relaxing)
 .debug_str     0x00000652       0x59 .\CortexM0p\ARM_GCC_541\Debug\cymetadata.o
                                0x1de (size before relaxing)
 .debug_str     0x000006ab      0x155 .\CortexM0p\ARM_GCC_541\Debug\Cm0plusStart.o
                                0x325 (size before relaxing)
 .debug_str     0x00000800      0x144 .\CortexM0p\ARM_GCC_541\Debug\EZIIC_wadge.a(EZI2C.o)
                                0x2f4 (size before relaxing)
 .debug_str     0x00000944      0x145 .\CortexM0p\ARM_GCC_541\Debug\EZIIC_wadge.a(EZI2C_EZI2C.o)
                                0x34e (size before relaxing)
 .debug_str     0x00000a89       0x97 .\CortexM0p\ARM_GCC_541\Debug\EZIIC_wadge.a(EZI2C_EZI2C_INT.o)
                                0x2e4 (size before relaxing)
 .debug_str     0x00000b20      0x51d .\CortexM0p\ARM_GCC_541\Debug\EZIIC_wadge.a(CapSense_Control.o)
                                0x9e5 (size before relaxing)
 .debug_str     0x0000103d      0x188 .\CortexM0p\ARM_GCC_541\Debug\EZIIC_wadge.a(CapSense_Processing.o)
                                0x919 (size before relaxing)
 .debug_str     0x000011c5      0x340 .\CortexM0p\ARM_GCC_541\Debug\EZIIC_wadge.a(CapSense_Structure.o)
                                0xa50 (size before relaxing)
 .debug_str     0x00001505      0x15f .\CortexM0p\ARM_GCC_541\Debug\EZIIC_wadge.a(CapSense_Tuner.o)
                                0x6aa (size before relaxing)
 .debug_str     0x00001664      0x375 .\CortexM0p\ARM_GCC_541\Debug\EZIIC_wadge.a(CapSense_Filter.o)
                                0x92b (size before relaxing)
 .debug_str     0x000019d9      0x6ff .\CortexM0p\ARM_GCC_541\Debug\EZIIC_wadge.a(CapSense_Sensing.o)
                                0xded (size before relaxing)
 .debug_str     0x000020d8      0x3d2 .\CortexM0p\ARM_GCC_541\Debug\EZIIC_wadge.a(CapSense_SensingCSD_LL.o)
                                0xdc4 (size before relaxing)
 .debug_str     0x000024aa      0x14b .\CortexM0p\ARM_GCC_541\Debug\EZIIC_wadge.a(CapSense_ISR.o)
                                0x362 (size before relaxing)
 .debug_str     0x000025f5      0x48b .\CortexM0p\ARM_GCC_541\Debug\EZIIC_wadge.a(CyLib.o)
                                0x721 (size before relaxing)
 .debug_str     0x00002a80      0x2d0 .\CortexM0p\ARM_GCC_541\Debug\EZIIC_wadge.a(CyLFClk.o)
                                0x4d0 (size before relaxing)
 .debug_str     0x00002d50       0xdb .\CortexM0p\ARM_GCC_541\Debug\EZIIC_wadge.a(UART.o)
                                0x2ad (size before relaxing)
 .debug_str     0x00002e2b      0x120 .\CortexM0p\ARM_GCC_541\Debug\EZIIC_wadge.a(UART_SPI_UART.o)
                                0x2e4 (size before relaxing)
 .debug_str     0x00002f4b      0x190 .\CortexM0p\ARM_GCC_541\Debug\EZIIC_wadge.a(UART_UART.o)
                                0x3de (size before relaxing)
 .debug_str     0x000030db       0xab .\CortexM0p\ARM_GCC_541\Debug\EZIIC_wadge.a(CAP_INT.o)
                                0x25a (size before relaxing)
 .debug_str     0x00003186       0xa4 .\CortexM0p\ARM_GCC_541\Debug\EZIIC_wadge.a(CapSense_INT.o)
                                0x72d (size before relaxing)
 .debug_str     0x0000322a      0x11d .\CortexM0p\ARM_GCC_541\Debug\EZIIC_wadge.a(CyFlash.o)
                                0x338 (size before relaxing)

.debug_loc      0x00000000     0x50c5
 *(.debug_loc)
 .debug_loc     0x00000000       0x35 .\CortexM0p\ARM_GCC_541\Debug\cyfitter_cfg.o
 .debug_loc     0x00000035      0x14f .\CortexM0p\ARM_GCC_541\Debug\Cm0plusStart.o
 .debug_loc     0x00000184       0x7e .\CortexM0p\ARM_GCC_541\Debug\EZIIC_wadge.a(EZI2C.o)
 .debug_loc     0x00000202       0xec .\CortexM0p\ARM_GCC_541\Debug\EZIIC_wadge.a(EZI2C_EZI2C.o)
 .debug_loc     0x000002ee      0x132 .\CortexM0p\ARM_GCC_541\Debug\EZIIC_wadge.a(EZI2C_EZI2C_INT.o)
 .debug_loc     0x00000420      0x432 .\CortexM0p\ARM_GCC_541\Debug\EZIIC_wadge.a(CapSense_Control.o)
 .debug_loc     0x00000852      0x6d7 .\CortexM0p\ARM_GCC_541\Debug\EZIIC_wadge.a(CapSense_Processing.o)
 .debug_loc     0x00000f29      0x4b4 .\CortexM0p\ARM_GCC_541\Debug\EZIIC_wadge.a(CapSense_Structure.o)
 .debug_loc     0x000013dd      0x176 .\CortexM0p\ARM_GCC_541\Debug\EZIIC_wadge.a(CapSense_Tuner.o)
 .debug_loc     0x00001553     0x11c1 .\CortexM0p\ARM_GCC_541\Debug\EZIIC_wadge.a(CapSense_Filter.o)
 .debug_loc     0x00002714      0x9fb .\CortexM0p\ARM_GCC_541\Debug\EZIIC_wadge.a(CapSense_Sensing.o)
 .debug_loc     0x0000310f      0xfa2 .\CortexM0p\ARM_GCC_541\Debug\EZIIC_wadge.a(CapSense_SensingCSD_LL.o)
 .debug_loc     0x000040b1       0x82 .\CortexM0p\ARM_GCC_541\Debug\EZIIC_wadge.a(CapSense_ISR.o)
 .debug_loc     0x00004133      0x5d9 .\CortexM0p\ARM_GCC_541\Debug\EZIIC_wadge.a(CyLib.o)
 .debug_loc     0x0000470c      0x354 .\CortexM0p\ARM_GCC_541\Debug\EZIIC_wadge.a(CyLFClk.o)
 .debug_loc     0x00004a60       0x7e .\CortexM0p\ARM_GCC_541\Debug\EZIIC_wadge.a(UART.o)
 .debug_loc     0x00004ade       0x96 .\CortexM0p\ARM_GCC_541\Debug\EZIIC_wadge.a(UART_SPI_UART.o)
 .debug_loc     0x00004b74      0x223 .\CortexM0p\ARM_GCC_541\Debug\EZIIC_wadge.a(UART_UART.o)
 .debug_loc     0x00004d97       0xa2 .\CortexM0p\ARM_GCC_541\Debug\EZIIC_wadge.a(CAP_INT.o)
 .debug_loc     0x00004e39       0xcf .\CortexM0p\ARM_GCC_541\Debug\EZIIC_wadge.a(CapSense_INT.o)
 .debug_loc     0x00004f08      0x1bd .\CortexM0p\ARM_GCC_541\Debug\EZIIC_wadge.a(CyFlash.o)

.debug_macinfo
 *(.debug_macinfo)

.debug_ranges   0x00000000      0x930
 *(.debug_ranges)
 .debug_ranges  0x00000000       0x28 .\CortexM0p\ARM_GCC_541\Debug\main.o
 .debug_ranges  0x00000028       0x28 .\CortexM0p\ARM_GCC_541\Debug\cyfitter_cfg.o
 .debug_ranges  0x00000050       0x38 .\CortexM0p\ARM_GCC_541\Debug\Cm0plusStart.o
 .debug_ranges  0x00000088       0x50 .\CortexM0p\ARM_GCC_541\Debug\EZIIC_wadge.a(EZI2C.o)
 .debug_ranges  0x000000d8       0x40 .\CortexM0p\ARM_GCC_541\Debug\EZIIC_wadge.a(EZI2C_EZI2C.o)
 .debug_ranges  0x00000118       0x10 .\CortexM0p\ARM_GCC_541\Debug\EZIIC_wadge.a(EZI2C_EZI2C_INT.o)
 .debug_ranges  0x00000128       0x58 .\CortexM0p\ARM_GCC_541\Debug\EZIIC_wadge.a(CapSense_Control.o)
 .debug_ranges  0x00000180       0x40 .\CortexM0p\ARM_GCC_541\Debug\EZIIC_wadge.a(CapSense_Processing.o)
 .debug_ranges  0x000001c0       0x48 .\CortexM0p\ARM_GCC_541\Debug\EZIIC_wadge.a(CapSense_Structure.o)
 .debug_ranges  0x00000208       0x18 .\CortexM0p\ARM_GCC_541\Debug\EZIIC_wadge.a(CapSense_Tuner.o)
 .debug_ranges  0x00000220       0xe8 .\CortexM0p\ARM_GCC_541\Debug\EZIIC_wadge.a(CapSense_Filter.o)
 .debug_ranges  0x00000308       0xe0 .\CortexM0p\ARM_GCC_541\Debug\EZIIC_wadge.a(CapSense_Sensing.o)
 .debug_ranges  0x000003e8       0xe0 .\CortexM0p\ARM_GCC_541\Debug\EZIIC_wadge.a(CapSense_SensingCSD_LL.o)
 .debug_ranges  0x000004c8       0x70 .\CortexM0p\ARM_GCC_541\Debug\EZIIC_wadge.a(CapSense_ISR.o)
 .debug_ranges  0x00000538      0x180 .\CortexM0p\ARM_GCC_541\Debug\EZIIC_wadge.a(CyLib.o)
 .debug_ranges  0x000006b8       0xc8 .\CortexM0p\ARM_GCC_541\Debug\EZIIC_wadge.a(CyLFClk.o)
 .debug_ranges  0x00000780       0x48 .\CortexM0p\ARM_GCC_541\Debug\EZIIC_wadge.a(UART.o)
 .debug_ranges  0x000007c8       0x50 .\CortexM0p\ARM_GCC_541\Debug\EZIIC_wadge.a(UART_SPI_UART.o)
 .debug_ranges  0x00000818       0x80 .\CortexM0p\ARM_GCC_541\Debug\EZIIC_wadge.a(UART_UART.o)
 .debug_ranges  0x00000898       0x38 .\CortexM0p\ARM_GCC_541\Debug\EZIIC_wadge.a(CAP_INT.o)
 .debug_ranges  0x000008d0       0x28 .\CortexM0p\ARM_GCC_541\Debug\EZIIC_wadge.a(CapSense_INT.o)
 .debug_ranges  0x000008f8       0x38 .\CortexM0p\ARM_GCC_541\Debug\EZIIC_wadge.a(CyFlash.o)

.comment        0x00000000       0x6e
 .comment       0x00000000       0x6e .\CortexM0p\ARM_GCC_541\Debug\main.o
                                 0x6f (size before relaxing)
 .comment       0x0000006e       0x6f .\CortexM0p\ARM_GCC_541\Debug\cyfitter_cfg.o
 .comment       0x0000006e       0x6f .\CortexM0p\ARM_GCC_541\Debug\cymetadata.o
 .comment       0x0000006e       0x6f .\CortexM0p\ARM_GCC_541\Debug\Cm0plusStart.o
 .comment       0x0000006e       0x6f .\CortexM0p\ARM_GCC_541\Debug\EZIIC_wadge.a(EZI2C.o)
 .comment       0x0000006e       0x6f .\CortexM0p\ARM_GCC_541\Debug\EZIIC_wadge.a(EZI2C_EZI2C.o)
 .comment       0x0000006e       0x6f .\CortexM0p\ARM_GCC_541\Debug\EZIIC_wadge.a(EZI2C_EZI2C_INT.o)
 .comment       0x0000006e       0x6f .\CortexM0p\ARM_GCC_541\Debug\EZIIC_wadge.a(CapSense_Control.o)
 .comment       0x0000006e       0x6f .\CortexM0p\ARM_GCC_541\Debug\EZIIC_wadge.a(CapSense_Processing.o)
 .comment       0x0000006e       0x6f .\CortexM0p\ARM_GCC_541\Debug\EZIIC_wadge.a(CapSense_Structure.o)
 .comment       0x0000006e       0x6f .\CortexM0p\ARM_GCC_541\Debug\EZIIC_wadge.a(CapSense_Tuner.o)
 .comment       0x0000006e       0x6f .\CortexM0p\ARM_GCC_541\Debug\EZIIC_wadge.a(CapSense_Filter.o)
 .comment       0x0000006e       0x6f .\CortexM0p\ARM_GCC_541\Debug\EZIIC_wadge.a(CapSense_Sensing.o)
 .comment       0x0000006e       0x6f .\CortexM0p\ARM_GCC_541\Debug\EZIIC_wadge.a(CapSense_SensingCSD_LL.o)
 .comment       0x0000006e       0x6f .\CortexM0p\ARM_GCC_541\Debug\EZIIC_wadge.a(CapSense_ISR.o)
 .comment       0x0000006e       0x6f .\CortexM0p\ARM_GCC_541\Debug\EZIIC_wadge.a(CyLib.o)
 .comment       0x0000006e       0x6f .\CortexM0p\ARM_GCC_541\Debug\EZIIC_wadge.a(CyLFClk.o)
 .comment       0x0000006e       0x6f .\CortexM0p\ARM_GCC_541\Debug\EZIIC_wadge.a(UART.o)
 .comment       0x0000006e       0x6f .\CortexM0p\ARM_GCC_541\Debug\EZIIC_wadge.a(UART_SPI_UART.o)
 .comment       0x0000006e       0x6f .\CortexM0p\ARM_GCC_541\Debug\EZIIC_wadge.a(UART_UART.o)
 .comment       0x0000006e       0x6f .\CortexM0p\ARM_GCC_541\Debug\EZIIC_wadge.a(CAP_INT.o)
 .comment       0x0000006e       0x6f .\CortexM0p\ARM_GCC_541\Debug\EZIIC_wadge.a(CapSense_INT.o)
 .comment       0x0000006e       0x6f .\CortexM0p\ARM_GCC_541\Debug\EZIIC_wadge.a(CyFlash.o)

.debug_weaknames
 *(.debug_weaknames)

.debug_funcnames
 *(.debug_funcnames)

.debug_typenames
 *(.debug_typenames)

.debug_varnames
 *(.debug_varnames)

.note.gnu.arm.ident
 *(.note.gnu.arm.ident)

.ARM.attributes
                0x00000000       0x28
 *(.ARM.attributes)
 .ARM.attributes
                0x00000000       0x1e c:/program files (x86)/cypress/psoc creator/4.2/psoc creator/import/gnu/arm/5.4.1/bin/../lib/gcc/arm-none-eabi/5.4.1/armv6-m/crti.o
 .ARM.attributes
                0x0000001e       0x2c c:/program files (x86)/cypress/psoc creator/4.2/psoc creator/import/gnu/arm/5.4.1/bin/../lib/gcc/arm-none-eabi/5.4.1/armv6-m/crtbegin.o
 .ARM.attributes
                0x0000004a       0x1b c:/program files (x86)/cypress/psoc creator/4.2/psoc creator/import/gnu/arm/5.4.1/bin/../lib/gcc/arm-none-eabi/5.4.1/../../../../arm-none-eabi/lib/armv6-m/crt0.o
 .ARM.attributes
                0x00000065       0x32 .\CortexM0p\ARM_GCC_541\Debug\main.o
 .ARM.attributes
                0x00000097       0x32 .\CortexM0p\ARM_GCC_541\Debug\cyfitter_cfg.o
 .ARM.attributes
                0x000000c9       0x32 .\CortexM0p\ARM_GCC_541\Debug\cymetadata.o
 .ARM.attributes
                0x000000fb       0x32 .\CortexM0p\ARM_GCC_541\Debug\Cm0plusStart.o
 .ARM.attributes
                0x0000012d       0x32 .\CortexM0p\ARM_GCC_541\Debug\EZIIC_wadge.a(EZI2C.o)
 .ARM.attributes
                0x0000015f       0x32 .\CortexM0p\ARM_GCC_541\Debug\EZIIC_wadge.a(EZI2C_EZI2C.o)
 .ARM.attributes
                0x00000191       0x32 .\CortexM0p\ARM_GCC_541\Debug\EZIIC_wadge.a(EZI2C_EZI2C_INT.o)
 .ARM.attributes
                0x000001c3       0x32 .\CortexM0p\ARM_GCC_541\Debug\EZIIC_wadge.a(CapSense_Control.o)
 .ARM.attributes
                0x000001f5       0x32 .\CortexM0p\ARM_GCC_541\Debug\EZIIC_wadge.a(CapSense_Processing.o)
 .ARM.attributes
                0x00000227       0x32 .\CortexM0p\ARM_GCC_541\Debug\EZIIC_wadge.a(CapSense_Structure.o)
 .ARM.attributes
                0x00000259       0x32 .\CortexM0p\ARM_GCC_541\Debug\EZIIC_wadge.a(CapSense_Tuner.o)
 .ARM.attributes
                0x0000028b       0x32 .\CortexM0p\ARM_GCC_541\Debug\EZIIC_wadge.a(CapSense_Filter.o)
 .ARM.attributes
                0x000002bd       0x32 .\CortexM0p\ARM_GCC_541\Debug\EZIIC_wadge.a(CapSense_Sensing.o)
 .ARM.attributes
                0x000002ef       0x32 .\CortexM0p\ARM_GCC_541\Debug\EZIIC_wadge.a(CapSense_SensingCSD_LL.o)
 .ARM.attributes
                0x00000321       0x32 .\CortexM0p\ARM_GCC_541\Debug\EZIIC_wadge.a(CapSense_ISR.o)
 .ARM.attributes
                0x00000353       0x32 .\CortexM0p\ARM_GCC_541\Debug\EZIIC_wadge.a(CyLib.o)
 .ARM.attributes
                0x00000385       0x32 .\CortexM0p\ARM_GCC_541\Debug\EZIIC_wadge.a(CyLFClk.o)
 .ARM.attributes
                0x000003b7       0x32 .\CortexM0p\ARM_GCC_541\Debug\EZIIC_wadge.a(UART.o)
 .ARM.attributes
                0x000003e9       0x32 .\CortexM0p\ARM_GCC_541\Debug\EZIIC_wadge.a(UART_SPI_UART.o)
 .ARM.attributes
                0x0000041b       0x32 .\CortexM0p\ARM_GCC_541\Debug\EZIIC_wadge.a(UART_UART.o)
 .ARM.attributes
                0x0000044d       0x32 .\CortexM0p\ARM_GCC_541\Debug\EZIIC_wadge.a(CAP_INT.o)
 .ARM.attributes
                0x0000047f       0x22 .\CortexM0p\ARM_GCC_541\Debug\EZIIC_wadge.a(CyBootAsmGnu.o)
 .ARM.attributes
                0x000004a1       0x32 .\CortexM0p\ARM_GCC_541\Debug\EZIIC_wadge.a(CapSense_INT.o)
 .ARM.attributes
                0x000004d3       0x32 .\CortexM0p\ARM_GCC_541\Debug\EZIIC_wadge.a(CyFlash.o)
 .ARM.attributes
                0x00000505       0x1e c:/program files (x86)/cypress/psoc creator/4.2/psoc creator/import/gnu/arm/5.4.1/bin/../lib/gcc/arm-none-eabi/5.4.1/armv6-m\libgcc.a(_udivsi3.o)
 .ARM.attributes
                0x00000523       0x1e c:/program files (x86)/cypress/psoc creator/4.2/psoc creator/import/gnu/arm/5.4.1/bin/../lib/gcc/arm-none-eabi/5.4.1/armv6-m\libgcc.a(_dvmd_tls.o)
 .ARM.attributes
                0x00000541       0x2c c:/program files (x86)/cypress/psoc creator/4.2/psoc creator/import/gnu/arm/5.4.1/bin/../lib/gcc/arm-none-eabi/5.4.1/../../../../arm-none-eabi/lib/armv6-m\libg_nano.a(lib_a-errno.o)
 .ARM.attributes
                0x0000056d       0x2c c:/program files (x86)/cypress/psoc creator/4.2/psoc creator/import/gnu/arm/5.4.1/bin/../lib/gcc/arm-none-eabi/5.4.1/../../../../arm-none-eabi/lib/armv6-m\libg_nano.a(lib_a-exit.o)
 .ARM.attributes
                0x00000599       0x2c c:/program files (x86)/cypress/psoc creator/4.2/psoc creator/import/gnu/arm/5.4.1/bin/../lib/gcc/arm-none-eabi/5.4.1/../../../../arm-none-eabi/lib/armv6-m\libg_nano.a(lib_a-impure.o)
 .ARM.attributes
                0x000005c5       0x2c c:/program files (x86)/cypress/psoc creator/4.2/psoc creator/import/gnu/arm/5.4.1/bin/../lib/gcc/arm-none-eabi/5.4.1/../../../../arm-none-eabi/lib/armv6-m\libg_nano.a(lib_a-init.o)
 .ARM.attributes
                0x000005f1       0x2c c:/program files (x86)/cypress/psoc creator/4.2/psoc creator/import/gnu/arm/5.4.1/bin/../lib/gcc/arm-none-eabi/5.4.1/../../../../arm-none-eabi/lib/armv6-m\libg_nano.a(lib_a-memcpy-stub.o)
 .ARM.attributes
                0x0000061d       0x2c c:/program files (x86)/cypress/psoc creator/4.2/psoc creator/import/gnu/arm/5.4.1/bin/../lib/gcc/arm-none-eabi/5.4.1/../../../../arm-none-eabi/lib/armv6-m\libg_nano.a(lib_a-memset.o)
 .ARM.attributes
                0x00000649       0x2c c:/program files (x86)/cypress/psoc creator/4.2/psoc creator/import/gnu/arm/5.4.1/bin/../lib/gcc/arm-none-eabi/5.4.1/armv6-m/crtend.o
 .ARM.attributes
                0x00000675       0x1e c:/program files (x86)/cypress/psoc creator/4.2/psoc creator/import/gnu/arm/5.4.1/bin/../lib/gcc/arm-none-eabi/5.4.1/armv6-m/crtn.o

/DISCARD/
 *(.note.GNU-stack)
OUTPUT(D:\qcs40x\Cypress\project\4025LQIS412_workspace\4025LQIS412-EZIIC\EZIIC_wadge.cydsn\CortexM0p\ARM_GCC_541\Debug\EZIIC_wadge.elf elf32-littlearm)
